[    1257ms] [LOG] [weblog] FCP {name: FCP, value: 1212, rating: good, delta: 1212, entries: Array(1)} @ https://assets.coupangcdn.com/front/front-web-next/_next/static/chunks/8895-021ce28c4554c35e.js:0
[    1258ms] [LOG] [weblog] LCP {name: LCP, value: 1212, rating: good, delta: 1212, entries: Array(1)} @ https://assets.coupangcdn.com/front/front-web-next/_next/static/chunks/8895-021ce28c4554c35e.js:0
[    1272ms] [LOG] [weblog] LCP {name: LCP, value: 1252, rating: good, delta: 40, entries: Array(1)} @ https://assets.coupangcdn.com/front/front-web-next/_next/static/chunks/8895-021ce28c4554c35e.js:0
[    1279ms] [LOG] [weblog] LCP {name: LCP, value: 1260, rating: good, delta: 8, entries: Array(1)} @ https://assets.coupangcdn.com/front/front-web-next/_next/static/chunks/8895-021ce28c4554c35e.js:0
[    2156ms] [LOG] [weblog] tti: 1226, serverTime: 1097, domReady: 1226, imageLoadingTime: 0 @ https://assets.coupangcdn.com/front/front-web-next/_next/static/chunks/8895-021ce28c4554c35e.js:0
[    2672ms] [LOG] wdpop: start @ https://www.coupang.com/dpop/iframe:13
[    2673ms] [LOG] wdpop: reschedule @ https://www.coupang.com/dpop/iframe:13
[    2673ms] [LOG] wdpop: inited @ https://www.coupang.com/dpop/iframe:13
[    3141ms] [WARNING] Mixed Content: The page at 'https://www.coupang.com/np/search?q=%EB%A9%B8%EA%B7%A0%EC%9A%B0%EC%9C%A0+200ml&sorter=salePriceAsc' was loaded over HTTPS, but requested an insecure element 'http://image5.coupangcdn.com/image/coupang/rds/logo_v2/logo_rocket_filter_xlarge/badge_199cd7531bd.png'. This request was automatically upgraded to HTTPS, For more information see https://blog.chromium.org/2019/10/no-more-mixed-messages-about-https.html @ https://www.coupang.com/np/search?q=%EB%A9%B8%EA%B7%A0%EC%9A%B0%EC%9C%A0+200ml&sorter=salePriceAsc:0
[    3141ms] [WARNING] Mixed Content: The page at 'https://www.coupang.com/np/search?q=%EB%A9%B8%EA%B7%A0%EC%9A%B0%EC%9C%A0+200ml&sorter=salePriceAsc' was loaded over HTTPS, but requested an insecure element 'http://image4.coupangcdn.com/image/coupang/rds/logo_v2/rds_logo_pdd_tomorrow_md/badge_199cd481dc2.png'. This request was automatically upgraded to HTTPS, For more information see https://blog.chromium.org/2019/10/no-more-mixed-messages-about-https.html @ https://www.coupang.com/np/search?q=%EB%A9%B8%EA%B7%A0%EC%9A%B0%EC%9C%A0+200ml&sorter=salePriceAsc:0
[    3141ms] [WARNING] Mixed Content: The page at 'https://www.coupang.com/np/search?q=%EB%A9%B8%EA%B7%A0%EC%9A%B0%EC%9C%A0+200ml&sorter=salePriceAsc' was loaded over HTTPS, but requested an insecure element 'http://image1.coupangcdn.com/image/cmg/srp/topBanner/android/cta_arrow_xxxhdpi.png'. This request was automatically upgraded to HTTPS, For more information see https://blog.chromium.org/2019/10/no-more-mixed-messages-about-https.html @ https://www.coupang.com/np/search?q=%EB%A9%B8%EA%B7%A0%EC%9A%B0%EC%9C%A0+200ml&sorter=salePriceAsc:0
[   11989ms] [LOG] [weblog] INP {name: INP, value: 8, rating: good, delta: 8, entries: Array(1)} @ https://assets.coupangcdn.com/front/front-web-next/_next/static/chunks/8895-021ce28c4554c35e.js:0
[   12896ms] [LOG] [weblog] FCP {name: FCP, value: 732, rating: good, delta: 732, entries: Array(1)} @ https://assets.coupangcdn.com/front/purchase-next/_next/static/chunks/2562-eff7a80ce3f624b8.js:3
[   12897ms] [LOG] [weblog] LCP {name: LCP, value: 732, rating: good, delta: 732, entries: Array(1)} @ https://assets.coupangcdn.com/front/purchase-next/_next/static/chunks/2562-eff7a80ce3f624b8.js:3
[   13953ms] [LOG] [weblog] tti: 870, serverTime: 383, domReady: 870, imageLoadingTime: 0 @ https://assets.coupangcdn.com/front/purchase-next/_next/static/chunks/2562-eff7a80ce3f624b8.js:3
[   14277ms] [LOG] wdpop: start @ https://www.coupang.com/dpop/iframe:13
[   14277ms] [LOG] wdpop: reschedule @ https://www.coupang.com/dpop/iframe:13
[   14277ms] [LOG] wdpop: inited @ https://www.coupang.com/dpop/iframe:13
[   14290ms] [ERROR] Permissions policy violation: accelerometer is not allowed in this document. @ https://www.coupang.com/9z021S/Ija/1F8/igM-hA/rYiwmf1VkuauDp9m/bGdLUXc/Q2/YjIR0GTUwB:0
[   14290ms] [WARNING] The deviceorientation events are blocked by permissions policy. See https://github.com/w3c/webappsec-permissions-policy/blob/master/features.md#sensor-features @ https://www.coupang.com/9z021S/Ija/1F8/igM-hA/rYiwmf1VkuauDp9m/bGdLUXc/Q2/YjIR0GTUwB:0
[   14290ms] [ERROR] Permissions policy violation: accelerometer is not allowed in this document. @ https://www.coupang.com/9z021S/Ija/1F8/igM-hA/rYiwmf1VkuauDp9m/bGdLUXc/Q2/YjIR0GTUwB:0
[   14290ms] [WARNING] The devicemotion events are blocked by permissions policy. See https://github.com/w3c/webappsec-permissions-policy/blob/master/features.md#sensor-features @ https://www.coupang.com/9z021S/Ija/1F8/igM-hA/rYiwmf1VkuauDp9m/bGdLUXc/Q2/YjIR0GTUwB:0
