[    1611ms] [LOG] [weblog] FCP {name: FCP, value: 1536, rating: good, delta: 1536, entries: Array(1)} @ https://assets.coupangcdn.com/front/purchase-next/_next/static/chunks/2562-eff7a80ce3f624b8.js:3
[    1612ms] [LOG] [weblog] LCP {name: LCP, value: 1536, rating: good, delta: 1536, entries: Array(1)} @ https://assets.coupangcdn.com/front/purchase-next/_next/static/chunks/2562-eff7a80ce3f624b8.js:3
[    1614ms] [LOG] [weblog] tti: 1562, serverTime: 1421, domReady: 1562, imageLoadingTime: 0 @ https://assets.coupangcdn.com/front/purchase-next/_next/static/chunks/2562-eff7a80ce3f624b8.js:3
[    6511ms] [LOG] [weblog] INP {name: INP, value: 0, rating: good, delta: 0, entries: Array(1)} @ https://assets.coupangcdn.com/front/purchase-next/_next/static/chunks/2562-eff7a80ce3f624b8.js:3
[   20699ms] [WARNING] document.domain mutation is ignored because the surrounding agent cluster is origin-keyed. @ https://login.coupang.com/login/login.pang?rtnUrl=https%3A%2F%2Fwww.coupang.com%2Fnp%2Fpost%2Flogin%3Fr%3Dhttp%253A%252F%252Fwww.coupang.com%252Fnp%252Fsearch%253Fq%253D%2525EA%2525B7%2525B8%2525EB%25259E%252598%2525EB%252586%252580%2525EB%25259D%2525BC%2526filterType%253Drocket%2526sorter%253DsalePriceAsc:128
[   20740ms] [LOG] mweb otp login v4: init @ https://login.coupang.com/resources/20260908200732/dist/login.min.js:1
[   20783ms] [LOG] test web-vitals:  fcp --  {name: FCP, value: 412, rating: good, delta: 412, entries: Array(1)} @ https://assets.coupangcdn.com/customjs/coupang-web-log/3.4.1/web-log.umd.min.js:0
[   21104ms] [VERBOSE] [DOM] Input elements should have autocomplete attributes (suggested: "current-password"): (More info: https://goo.gl/9p2vKq) %o @ https://login.coupang.com/login/login.pang?rtnUrl=https%3A%2F%2Fwww.coupang.com%2Fnp%2Fpost%2Flogin%3Fr%3Dhttp%253A%252F%252Fwww.coupang.com%252Fnp%252Fsearch%253Fq%253D%2525EA%2525B7%2525B8%2525EB%25259E%252598%2525EB%252586%252580%2525EB%25259D%2525BC%2526filterType%253Drocket%2526sorter%253DsalePriceAsc:0
[   21222ms] [LOG] wdpop: start @ https://www.coupang.com/dpop/iframe:13
[   21223ms] [LOG] wdpop: reschedule @ https://www.coupang.com/dpop/iframe:13
[   21223ms] [LOG] wdpop: inited @ https://www.coupang.com/dpop/iframe:13
[   21235ms] [ERROR] Permissions policy violation: accelerometer is not allowed in this document. @ https://www.coupang.com/9z021S/Ija/1F8/igM-hA/rYiwmf1VkuauDp9m/bGdLUXc/Q2/YjIR0GTUwB:0
[   21235ms] [WARNING] The deviceorientation events are blocked by permissions policy. See https://github.com/w3c/webappsec-permissions-policy/blob/master/features.md#sensor-features @ https://www.coupang.com/9z021S/Ija/1F8/igM-hA/rYiwmf1VkuauDp9m/bGdLUXc/Q2/YjIR0GTUwB:0
[   21235ms] [ERROR] Permissions policy violation: accelerometer is not allowed in this document. @ https://www.coupang.com/9z021S/Ija/1F8/igM-hA/rYiwmf1VkuauDp9m/bGdLUXc/Q2/YjIR0GTUwB:0
[   21235ms] [WARNING] The devicemotion events are blocked by permissions policy. See https://github.com/w3c/webappsec-permissions-policy/blob/master/features.md#sensor-features @ https://www.coupang.com/9z021S/Ija/1F8/igM-hA/rYiwmf1VkuauDp9m/bGdLUXc/Q2/YjIR0GTUwB:0
[   24762ms] [LOG] [weblog] FCP {name: FCP, value: 980, rating: good, delta: 980, entries: Array(1)} @ https://assets.coupangcdn.com/front/front-web-next/_next/static/chunks/8895-021ce28c4554c35e.js:0
[   24763ms] [LOG] [weblog] LCP {name: LCP, value: 980, rating: good, delta: 980, entries: Array(1)} @ https://assets.coupangcdn.com/front/front-web-next/_next/static/chunks/8895-021ce28c4554c35e.js:0
[   25612ms] [LOG] [weblog] tti: 988, serverTime: 840, domReady: 988, imageLoadingTime: 0 @ https://assets.coupangcdn.com/front/front-web-next/_next/static/chunks/8895-021ce28c4554c35e.js:0
[   30010ms] [LOG] [weblog] INP {name: INP, value: 8, rating: good, delta: 8, entries: Array(1)} @ https://assets.coupangcdn.com/front/front-web-next/_next/static/chunks/8895-021ce28c4554c35e.js:0
[   30280ms] [WARNING] document.domain mutation is ignored because the surrounding agent cluster is origin-keyed. @ https://login.coupang.com/login/login.pang?rtnUrl=https%3A%2F%2Fwww.coupang.com%2Fnp%2Fpost%2Flogin%3Fr%3Dhttp%253A%252F%252Fwww.coupang.com%252Fnp%252Fsearch%253Fq%253D%2525EA%2525B7%2525B8%2525EB%25259E%252598%2525EB%252586%252580%2525EB%25259D%2525BC%2526filterType%253Drocket%2526sorter%253DsalePriceAsc:128
[   30321ms] [LOG] mweb otp login v4: init @ https://login.coupang.com/resources/20260908200732/dist/login.min.js:1
[   30391ms] [VERBOSE] [DOM] Input elements should have autocomplete attributes (suggested: "current-password"): (More info: https://goo.gl/9p2vKq) %o @ https://login.coupang.com/login/login.pang?rtnUrl=https%3A%2F%2Fwww.coupang.com%2Fnp%2Fpost%2Flogin%3Fr%3Dhttp%253A%252F%252Fwww.coupang.com%252Fnp%252Fsearch%253Fq%253D%2525EA%2525B7%2525B8%2525EB%25259E%252598%2525EB%252586%252580%2525EB%25259D%2525BC%2526filterType%253Drocket%2526sorter%253DsalePriceAsc:0
[   30416ms] [LOG] test web-vitals:  fcp --  {name: FCP, value: 404, rating: good, delta: 404, entries: Array(1)} @ https://assets.coupangcdn.com/customjs/coupang-web-log/3.4.1/web-log.umd.min.js:0
[   30515ms] [LOG] wdpop: start @ https://www.coupang.com/dpop/iframe:13
[   30516ms] [LOG] wdpop: reschedule @ https://www.coupang.com/dpop/iframe:13
[   30516ms] [LOG] wdpop: inited @ https://www.coupang.com/dpop/iframe:13
[   30526ms] [ERROR] Permissions policy violation: accelerometer is not allowed in this document. @ https://www.coupang.com/9z021S/Ija/1F8/igM-hA/rYiwmf1VkuauDp9m/bGdLUXc/Q2/YjIR0GTUwB:0
[   30526ms] [WARNING] The deviceorientation events are blocked by permissions policy. See https://github.com/w3c/webappsec-permissions-policy/blob/master/features.md#sensor-features @ https://www.coupang.com/9z021S/Ija/1F8/igM-hA/rYiwmf1VkuauDp9m/bGdLUXc/Q2/YjIR0GTUwB:0
[   30526ms] [ERROR] Permissions policy violation: accelerometer is not allowed in this document. @ https://www.coupang.com/9z021S/Ija/1F8/igM-hA/rYiwmf1VkuauDp9m/bGdLUXc/Q2/YjIR0GTUwB:0
[   30526ms] [WARNING] The devicemotion events are blocked by permissions policy. See https://github.com/w3c/webappsec-permissions-policy/blob/master/features.md#sensor-features @ https://www.coupang.com/9z021S/Ija/1F8/igM-hA/rYiwmf1VkuauDp9m/bGdLUXc/Q2/YjIR0GTUwB:0
