[     740ms] [LOG] [weblog] FCP {name: FCP, value: 620, rating: good, delta: 620, entries: Array(1)} @ https://assets.coupangcdn.com/front/front-web-next/_next/static/chunks/8895-021ce28c4554c35e.js:0
[     741ms] [LOG] [weblog] LCP {name: LCP, value: 620, rating: good, delta: 620, entries: Array(1)} @ https://assets.coupangcdn.com/front/front-web-next/_next/static/chunks/8895-021ce28c4554c35e.js:0
[     803ms] [LOG] [weblog] LCP {name: LCP, value: 728, rating: good, delta: 108, entries: Array(1)} @ https://assets.coupangcdn.com/front/front-web-next/_next/static/chunks/8895-021ce28c4554c35e.js:0
[    1684ms] [LOG] [weblog] tti: 687, serverTime: 469, domReady: 687, imageLoadingTime: 0 @ https://assets.coupangcdn.com/front/front-web-next/_next/static/chunks/8895-021ce28c4554c35e.js:0
[   16482ms] [LOG] [weblog] INP {name: INP, value: 32, rating: good, delta: 32, entries: Array(1)} @ https://assets.coupangcdn.com/front/front-web-next/_next/static/chunks/8895-021ce28c4554c35e.js:0
[   53300ms] [LOG] [weblog] FCP {name: FCP, value: 1448, rating: good, delta: 1448, entries: Array(1)} @ https://assets.coupangcdn.com/front/front-web-next/_next/static/chunks/8895-021ce28c4554c35e.js:0
[   53301ms] [LOG] [weblog] LCP {name: LCP, value: 1448, rating: good, delta: 1448, entries: Array(1)} @ https://assets.coupangcdn.com/front/front-web-next/_next/static/chunks/8895-021ce28c4554c35e.js:0
[   53303ms] [LOG] [weblog] LCP {name: LCP, value: 1560, rating: good, delta: 112, entries: Array(1)} @ https://assets.coupangcdn.com/front/front-web-next/_next/static/chunks/8895-021ce28c4554c35e.js:0
[   53310ms] [LOG] [weblog] LCP {name: LCP, value: 1788, rating: good, delta: 228, entries: Array(1)} @ https://assets.coupangcdn.com/front/front-web-next/_next/static/chunks/8895-021ce28c4554c35e.js:0
[   53974ms] [LOG] [weblog] tti: 1737, serverTime: 1170, domReady: 1737, imageLoadingTime: 0 @ https://assets.coupangcdn.com/front/front-web-next/_next/static/chunks/8895-021ce28c4554c35e.js:0
[   54933ms] [WARNING] Mixed Content: The page at 'https://www.coupang.com/np/search?component=&q=%EA%B0%84%ED%8E%B8+%EC%95%84%EC%B9%A8%EC%8B%9D%EC%82%AC+%EB%8C%80%EC%9A%A9&traceId=mtwow674&channel=user' was loaded over HTTPS, but requested an insecure element 'http://static.coupangcdn.com/image/cmg/icon/dco/ad_icon.png'. This request was automatically upgraded to HTTPS, For more information see https://blog.chromium.org/2019/10/no-more-mixed-messages-about-https.html @ https://www.coupang.com/np/search?component=&q=%EA%B0%84%ED%8E%B8+%EC%95%84%EC%B9%A8%EC%8B%9D%EC%82%AC+%EB%8C%80%EC%9A%A9&traceId=mtwow674&channel=user:0
[   54934ms] [WARNING] Mixed Content: The page at 'https://www.coupang.com/np/search?component=&q=%EA%B0%84%ED%8E%B8+%EC%95%84%EC%B9%A8%EC%8B%9D%EC%82%AC+%EB%8C%80%EC%9A%A9&traceId=mtwow674&channel=user' was loaded over HTTPS, but requested an insecure element 'http://image9.coupangcdn.com/image/coupang/rds/logo_v2/rocket_merchant_xlarge_v3/badge_199cd48883e.png'. This request was automatically upgraded to HTTPS, For more information see https://blog.chromium.org/2019/10/no-more-mixed-messages-about-https.html @ https://www.coupang.com/np/search?component=&q=%EA%B0%84%ED%8E%B8+%EC%95%84%EC%B9%A8%EC%8B%9D%EC%82%AC+%EB%8C%80%EC%9A%A9&traceId=mtwow674&channel=user:0
[   54934ms] [WARNING] Mixed Content: The page at 'https://www.coupang.com/np/search?component=&q=%EA%B0%84%ED%8E%B8+%EC%95%84%EC%B9%A8%EC%8B%9D%EC%82%AC+%EB%8C%80%EC%9A%A9&traceId=mtwow674&channel=user' was loaded over HTTPS, but requested an insecure element 'http://image8.coupangcdn.com/image/coupang/rds/logo_v2/rds_logo_pdd_tomorrow_md/badge_199cd481dc2.png'. This request was automatically upgraded to HTTPS, For more information see https://blog.chromium.org/2019/10/no-more-mixed-messages-about-https.html @ https://www.coupang.com/np/search?component=&q=%EA%B0%84%ED%8E%B8+%EC%95%84%EC%B9%A8%EC%8B%9D%EC%82%AC+%EB%8C%80%EC%9A%A9&traceId=mtwow674&channel=user:0
[   73760ms] [WARNING] document.domain mutation is ignored because the surrounding agent cluster is origin-keyed. @ https://login.coupang.com/login/login.pang?rtnUrl=https%3A%2F%2Fwww.coupang.com%2Fnp%2Fpost%2Flogin%3Fr%3Dhttp%253A%252F%252Fwww.coupang.com%252Fnp%252Fsearch%253Fcomponent%253D%2526q%253D%2525EA%2525B0%252584%2525ED%25258E%2525B8%252B%2525EC%252595%252584%2525EC%2525B9%2525A8%2525EC%25258B%25259D%2525EC%252582%2525AC%252B%2525EB%25258C%252580%2525EC%25259A%2525A9%2526traceId%253Dmtwow674%2526channel%253Duser:128
[   74397ms] [LOG] mweb otp login v4: init @ https://login.coupang.com/resources/20260908200732/dist/login.min.js:1
[   74403ms] [LOG] test web-vitals:  fcp --  {name: FCP, value: 504, rating: good, delta: 504, entries: Array(1)} @ https://assets.coupangcdn.com/customjs/coupang-web-log/3.4.1/web-log.umd.min.js:0
[   74573ms] [VERBOSE] [DOM] Input elements should have autocomplete attributes (suggested: "current-password"): (More info: https://goo.gl/9p2vKq) %o @ https://login.coupang.com/login/login.pang?rtnUrl=https%3A%2F%2Fwww.coupang.com%2Fnp%2Fpost%2Flogin%3Fr%3Dhttp%253A%252F%252Fwww.coupang.com%252Fnp%252Fsearch%253Fcomponent%253D%2526q%253D%2525EA%2525B0%252584%2525ED%25258E%2525B8%252B%2525EC%252595%252584%2525EC%2525B9%2525A8%2525EC%25258B%25259D%2525EC%252582%2525AC%252B%2525EB%25258C%252580%2525EC%25259A%2525A9%2526traceId%253Dmtwow674%2526channel%253Duser:0
[   74752ms] [LOG] wdpop: start @ https://www.coupang.com/dpop/iframe:13
[   74753ms] [LOG] wdpop: reschedule @ https://www.coupang.com/dpop/iframe:13
[   74753ms] [LOG] wdpop: inited @ https://www.coupang.com/dpop/iframe:13
[   74846ms] [ERROR] Permissions policy violation: accelerometer is not allowed in this document. @ https://www.coupang.com/9z021S/Ija/1F8/igM-hA/rYiwmf1VkuauDp9m/bGdLUXc/Q2/YjIR0GTUwB:0
[   74846ms] [WARNING] The deviceorientation events are blocked by permissions policy. See https://github.com/w3c/webappsec-permissions-policy/blob/master/features.md#sensor-features @ https://www.coupang.com/9z021S/Ija/1F8/igM-hA/rYiwmf1VkuauDp9m/bGdLUXc/Q2/YjIR0GTUwB:0
[   74846ms] [ERROR] Permissions policy violation: accelerometer is not allowed in this document. @ https://www.coupang.com/9z021S/Ija/1F8/igM-hA/rYiwmf1VkuauDp9m/bGdLUXc/Q2/YjIR0GTUwB:0
[   74846ms] [WARNING] The devicemotion events are blocked by permissions policy. See https://github.com/w3c/webappsec-permissions-policy/blob/master/features.md#sensor-features @ https://www.coupang.com/9z021S/Ija/1F8/igM-hA/rYiwmf1VkuauDp9m/bGdLUXc/Q2/YjIR0GTUwB:0
[   86094ms] [WARNING] document.domain mutation is ignored because the surrounding agent cluster is origin-keyed. @ https://login.coupang.com/login/memberJoinFrm.pang?rtnUrl=https%3A%2F%2Fwww.coupang.com%2Fnp%2Fpost%2Flogin%3Fr%3Dhttp%253A%252F%252Fwww.coupang.com%252Fnp%252Fsearch%253Fcomponent%253D%2526q%253D%2525EA%2525B0%252584%2525ED%25258E%2525B8%252B%2525EC%252595%252584%2525EC%2525B9%2525A8%2525EC%25258B%25259D%2525EC%252582%2525AC%252B%2525EB%25258C%252580%2525EC%25259A%2525A9%2526traceId%253Dmtwow674%2526channel%253Duser:1167
[   86191ms] [VERBOSE] [DOM] Password field is not contained in a form: (More info: https://goo.gl/9p2vKq) %o @ https://login.coupang.com/login/memberJoinFrm.pang?rtnUrl=https%3A%2F%2Fwww.coupang.com%2Fnp%2Fpost%2Flogin%3Fr%3Dhttp%253A%252F%252Fwww.coupang.com%252Fnp%252Fsearch%253Fcomponent%253D%2526q%253D%2525EA%2525B0%252584%2525ED%25258E%2525B8%252B%2525EC%252595%252584%2525EC%2525B9%2525A8%2525EC%25258B%25259D%2525EC%252582%2525AC%252B%2525EB%25258C%252580%2525EC%25259A%2525A9%2526traceId%253Dmtwow674%2526channel%253Duser:0
[   86191ms] [VERBOSE] [DOM] Password field is not contained in a form: (More info: https://goo.gl/9p2vKq) %o @ https://login.coupang.com/login/memberJoinFrm.pang?rtnUrl=https%3A%2F%2Fwww.coupang.com%2Fnp%2Fpost%2Flogin%3Fr%3Dhttp%253A%252F%252Fwww.coupang.com%252Fnp%252Fsearch%253Fcomponent%253D%2526q%253D%2525EA%2525B0%252584%2525ED%25258E%2525B8%252B%2525EC%252595%252584%2525EC%2525B9%2525A8%2525EC%25258B%25259D%2525EC%252582%2525AC%252B%2525EB%25258C%252580%2525EC%25259A%2525A9%2526traceId%253Dmtwow674%2526channel%253Duser:0
[   86460ms] [LOG] test web-vitals:  fcp --  {name: FCP, value: 308, rating: good, delta: 308, entries: Array(1)} @ https://assets.coupangcdn.com/customjs/coupang-web-log/3.4.1/web-log.umd.min.js:0
[   86768ms] [LOG] wdpop: start @ https://www.coupang.com/dpop/iframe:13
[   86768ms] [LOG] wdpop: reschedule @ https://www.coupang.com/dpop/iframe:13
[   86768ms] [LOG] wdpop: inited @ https://www.coupang.com/dpop/iframe:13
[   86779ms] [ERROR] Permissions policy violation: accelerometer is not allowed in this document. @ https://www.coupang.com/9z021S/Ija/1F8/igM-hA/rYiwmf1VkuauDp9m/bGdLUXc/Q2/YjIR0GTUwB:0
[   86779ms] [WARNING] The deviceorientation events are blocked by permissions policy. See https://github.com/w3c/webappsec-permissions-policy/blob/master/features.md#sensor-features @ https://www.coupang.com/9z021S/Ija/1F8/igM-hA/rYiwmf1VkuauDp9m/bGdLUXc/Q2/YjIR0GTUwB:0
[   86779ms] [ERROR] Permissions policy violation: accelerometer is not allowed in this document. @ https://www.coupang.com/9z021S/Ija/1F8/igM-hA/rYiwmf1VkuauDp9m/bGdLUXc/Q2/YjIR0GTUwB:0
[   86779ms] [WARNING] The devicemotion events are blocked by permissions policy. See https://github.com/w3c/webappsec-permissions-policy/blob/master/features.md#sensor-features @ https://www.coupang.com/9z021S/Ija/1F8/igM-hA/rYiwmf1VkuauDp9m/bGdLUXc/Q2/YjIR0GTUwB:0
[  232823ms] [WARNING] document.domain mutation is ignored because the surrounding agent cluster is origin-keyed. @ https://login.coupang.com/login/login.pang?rtnUrl=https%3A%2F%2Fwww.coupang.com%2Fnp%2Fpost%2Flogin%3Fr%3Dhttp%253A%252F%252Fwww.coupang.com%252Fnp%252Fsearch%253Fcomponent%253D%2526q%253D%2525EA%2525B0%252584%2525ED%25258E%2525B8%252B%2525EC%252595%252584%2525EC%2525B9%2525A8%2525EC%25258B%25259D%2525EC%252582%2525AC%252B%2525EB%25258C%252580%2525EC%25259A%2525A9%2526traceId%253Dmtwow674%2526channel%253Duser:128
[  232869ms] [LOG] mweb otp login v4: init @ https://login.coupang.com/resources/20260908200732/dist/login.min.js:1
[  233018ms] [VERBOSE] [DOM] Input elements should have autocomplete attributes (suggested: "current-password"): (More info: https://goo.gl/9p2vKq) %o @ https://login.coupang.com/login/login.pang?rtnUrl=https%3A%2F%2Fwww.coupang.com%2Fnp%2Fpost%2Flogin%3Fr%3Dhttp%253A%252F%252Fwww.coupang.com%252Fnp%252Fsearch%253Fcomponent%253D%2526q%253D%2525EA%2525B0%252584%2525ED%25258E%2525B8%252B%2525EC%252595%252584%2525EC%2525B9%2525A8%2525EC%25258B%25259D%2525EC%252582%2525AC%252B%2525EB%25258C%252580%2525EC%25259A%2525A9%2526traceId%253Dmtwow674%2526channel%253Duser:0
[  233020ms] [LOG] test web-vitals:  fcp --  {name: FCP, value: 332, rating: good, delta: 332, entries: Array(1)} @ https://assets.coupangcdn.com/customjs/coupang-web-log/3.4.1/web-log.umd.min.js:0
[  233317ms] [LOG] wdpop: start @ https://www.coupang.com/dpop/iframe:13
[  233317ms] [LOG] wdpop: reschedule @ https://www.coupang.com/dpop/iframe:13
[  233317ms] [LOG] wdpop: inited @ https://www.coupang.com/dpop/iframe:13
[  233328ms] [ERROR] Permissions policy violation: accelerometer is not allowed in this document. @ https://www.coupang.com/9z021S/Ija/1F8/igM-hA/rYiwmf1VkuauDp9m/bGdLUXc/Q2/YjIR0GTUwB:0
[  233328ms] [WARNING] The deviceorientation events are blocked by permissions policy. See https://github.com/w3c/webappsec-permissions-policy/blob/master/features.md#sensor-features @ https://www.coupang.com/9z021S/Ija/1F8/igM-hA/rYiwmf1VkuauDp9m/bGdLUXc/Q2/YjIR0GTUwB:0
[  233328ms] [ERROR] Permissions policy violation: accelerometer is not allowed in this document. @ https://www.coupang.com/9z021S/Ija/1F8/igM-hA/rYiwmf1VkuauDp9m/bGdLUXc/Q2/YjIR0GTUwB:0
[  233329ms] [WARNING] The devicemotion events are blocked by permissions policy. See https://github.com/w3c/webappsec-permissions-policy/blob/master/features.md#sensor-features @ https://www.coupang.com/9z021S/Ija/1F8/igM-hA/rYiwmf1VkuauDp9m/bGdLUXc/Q2/YjIR0GTUwB:0
[  254468ms] [WARNING] document.domain mutation is ignored because the surrounding agent cluster is origin-keyed. @ https://login.coupang.com/login/otpLogin.pang:1269
[  254599ms] [LOG] test web-vitals:  fcp --  {name: FCP, value: 560, rating: good, delta: 560, entries: Array(1)} @ https://assets.coupangcdn.com/customjs/coupang-web-log/3.4.1/web-log.umd.min.js:0
[  254813ms] [LOG] wdpop: start @ https://www.coupang.com/dpop/iframe:13
[  254814ms] [LOG] wdpop: reschedule @ https://www.coupang.com/dpop/iframe:13
[  254814ms] [LOG] wdpop: inited @ https://www.coupang.com/dpop/iframe:13
[  254825ms] [ERROR] Permissions policy violation: accelerometer is not allowed in this document. @ https://www.coupang.com/9z021S/Ija/1F8/igM-hA/rYiwmf1VkuauDp9m/bGdLUXc/Q2/YjIR0GTUwB:0
[  254826ms] [WARNING] The deviceorientation events are blocked by permissions policy. See https://github.com/w3c/webappsec-permissions-policy/blob/master/features.md#sensor-features @ https://www.coupang.com/9z021S/Ija/1F8/igM-hA/rYiwmf1VkuauDp9m/bGdLUXc/Q2/YjIR0GTUwB:0
[  254826ms] [ERROR] Permissions policy violation: accelerometer is not allowed in this document. @ https://www.coupang.com/9z021S/Ija/1F8/igM-hA/rYiwmf1VkuauDp9m/bGdLUXc/Q2/YjIR0GTUwB:0
[  254826ms] [WARNING] The devicemotion events are blocked by permissions policy. See https://github.com/w3c/webappsec-permissions-policy/blob/master/features.md#sensor-features @ https://www.coupang.com/9z021S/Ija/1F8/igM-hA/rYiwmf1VkuauDp9m/bGdLUXc/Q2/YjIR0GTUwB:0
[  273578ms] [LOG] wdpop: generated key pair Fri Sep 11 2026 17:27:29 GMT+0900 (한국 표준시) @ https://www.coupang.com/dpop/iframe:13
[  273579ms] [LOG] wdpop: signed Fri Sep 11 2026 17:27:29 GMT+0900 (한국 표준시) @ https://www.coupang.com/dpop/iframe:13
[  274794ms] [LOG] test web-vitals:  fcp --  {name: FCP, value: 260, rating: good, delta: 260, entries: Array(1)} @ https://assets.coupangcdn.com/customjs/coupang-web-log/3.4.1/web-log.umd.min.js:0
[  274883ms] [LOG] wdpop: start @ https://www.coupang.com/dpop/iframe:13
[  274883ms] [LOG] wdpop: reschedule @ https://www.coupang.com/dpop/iframe:13
[  274883ms] [LOG] wdpop: inited @ https://www.coupang.com/dpop/iframe:13
[  274894ms] [ERROR] Permissions policy violation: accelerometer is not allowed in this document. @ https://www.coupang.com/9z021S/Ija/1F8/igM-hA/rYiwmf1VkuauDp9m/bGdLUXc/Q2/YjIR0GTUwB:0
[  274894ms] [WARNING] The deviceorientation events are blocked by permissions policy. See https://github.com/w3c/webappsec-permissions-policy/blob/master/features.md#sensor-features @ https://www.coupang.com/9z021S/Ija/1F8/igM-hA/rYiwmf1VkuauDp9m/bGdLUXc/Q2/YjIR0GTUwB:0
[  274894ms] [ERROR] Permissions policy violation: accelerometer is not allowed in this document. @ https://www.coupang.com/9z021S/Ija/1F8/igM-hA/rYiwmf1VkuauDp9m/bGdLUXc/Q2/YjIR0GTUwB:0
[  274894ms] [WARNING] The devicemotion events are blocked by permissions policy. See https://github.com/w3c/webappsec-permissions-policy/blob/master/features.md#sensor-features @ https://www.coupang.com/9z021S/Ija/1F8/igM-hA/rYiwmf1VkuauDp9m/bGdLUXc/Q2/YjIR0GTUwB:0
[  283302ms] [LOG] test web-vitals:  fcp --  {name: FCP, value: 440, rating: good, delta: 440, entries: Array(1)} @ https://assets.coupangcdn.com/customjs/coupang-web-log/3.4.1/web-log.umd.min.js:0
[  283687ms] [LOG] wdpop: start @ https://www.coupang.com/dpop/iframe:13
[  283687ms] [LOG] wdpop: reschedule @ https://www.coupang.com/dpop/iframe:13
[  283688ms] [LOG] wdpop: inited @ https://www.coupang.com/dpop/iframe:13
[  283698ms] [ERROR] Permissions policy violation: accelerometer is not allowed in this document. @ https://www.coupang.com/9z021S/Ija/1F8/igM-hA/rYiwmf1VkuauDp9m/bGdLUXc/Q2/YjIR0GTUwB:0
[  283698ms] [WARNING] The deviceorientation events are blocked by permissions policy. See https://github.com/w3c/webappsec-permissions-policy/blob/master/features.md#sensor-features @ https://www.coupang.com/9z021S/Ija/1F8/igM-hA/rYiwmf1VkuauDp9m/bGdLUXc/Q2/YjIR0GTUwB:0
[  283698ms] [ERROR] Permissions policy violation: accelerometer is not allowed in this document. @ https://www.coupang.com/9z021S/Ija/1F8/igM-hA/rYiwmf1VkuauDp9m/bGdLUXc/Q2/YjIR0GTUwB:0
[  283698ms] [WARNING] The devicemotion events are blocked by permissions policy. See https://github.com/w3c/webappsec-permissions-policy/blob/master/features.md#sensor-features @ https://www.coupang.com/9z021S/Ija/1F8/igM-hA/rYiwmf1VkuauDp9m/bGdLUXc/Q2/YjIR0GTUwB:0
[  329589ms] [LOG] test web-vitals:  fcp --  {name: FCP, value: 448, rating: good, delta: 448, entries: Array(1)} @ https://assets.coupangcdn.com/customjs/coupang-web-log/3.4.1/web-log.umd.min.js:0
[  329902ms] [LOG] wdpop: start @ https://www.coupang.com/dpop/iframe:13
[  329903ms] [LOG] wdpop: reschedule @ https://www.coupang.com/dpop/iframe:13
[  329903ms] [LOG] wdpop: inited @ https://www.coupang.com/dpop/iframe:13
[  329915ms] [ERROR] Permissions policy violation: accelerometer is not allowed in this document. @ https://www.coupang.com/9z021S/Ija/1F8/igM-hA/rYiwmf1VkuauDp9m/bGdLUXc/Q2/YjIR0GTUwB:0
[  329915ms] [WARNING] The deviceorientation events are blocked by permissions policy. See https://github.com/w3c/webappsec-permissions-policy/blob/master/features.md#sensor-features @ https://www.coupang.com/9z021S/Ija/1F8/igM-hA/rYiwmf1VkuauDp9m/bGdLUXc/Q2/YjIR0GTUwB:0
[  329916ms] [ERROR] Permissions policy violation: accelerometer is not allowed in this document. @ https://www.coupang.com/9z021S/Ija/1F8/igM-hA/rYiwmf1VkuauDp9m/bGdLUXc/Q2/YjIR0GTUwB:0
[  329916ms] [WARNING] The devicemotion events are blocked by permissions policy. See https://github.com/w3c/webappsec-permissions-policy/blob/master/features.md#sensor-features @ https://www.coupang.com/9z021S/Ija/1F8/igM-hA/rYiwmf1VkuauDp9m/bGdLUXc/Q2/YjIR0GTUwB:0
[  332967ms] [VERBOSE] [DOM] Input elements should have autocomplete attributes (suggested: "current-password"): (More info: https://goo.gl/9p2vKq) %o @ https://login.coupang.com/login/pincode/password?pincodeTicketString=SDliUzhQYmFPWUtIQ2ZReEgwVHpWbk5LWGdWdXpxWFQ4M0pvUTVYdXVtb0FVVy9NSko5TjNCdXJJU0RsdlBDZXNDUDFQZGpDc3hKdk1lNlBRVmg5eUpEREZibXBaR2xJTW00PQ&requestId=6411914773628404478955444727718624&pincodeVerificationType=PASSWORD&rtnUrl=https%3A%2F%2Fwww.coupang.com%2Fnp%2Fpost%2Flogin%3Fr%3Dhttp%253A%252F%252Fwww.coupang.com%252Fnp%252Fsearch%253Fcomponent%253D%2526q%253D%2525EA%2525B0%252584%2525ED%25258E%2525B8%252B%2525EC%252595%252584%2525EC%2525B9%2525A8%2525EC%25258B%25259D%2525EC%252582%2525AC%252B%2525EB%25258C%252580%2525EC%25259A%2525A9%2526traceId%253Dmtwow674%2526channel%253Duser&rememberMe=N&isApp=false&userAgentHeader=WCtKQjdNVFBkRGZ5bXNEbFg2Q090SXhiV0h0OHVkcnR6ei9lMG5XK0ZxSnhEZTRYS0JhcnJFKy8weWNOWHFGZ1l3T0E1QkR4YzRiMVgzc1VIcW9NWVppK0c1Z3hMYXJ5OWtGb1JwY0dyZGlmYWpmOWdyelFVcVlaMms1WkREbFVHLzRSNkhGeGt2MFc5STFUalQrRStiYmsvcUc1R3FkMVQrV1NvcGZUQ1Eyc1pkSHN1NjBLak5vQ2VwMD0&sourceType=password&isOtpLogin=true&loginMethod=PHONE_NUMBER_OTP:0
[  333002ms] [LOG] test web-vitals:  fcp --  {name: FCP, value: 388, rating: good, delta: 388, entries: Array(1)} @ https://assets.coupangcdn.com/customjs/coupang-web-log/3.4.1/web-log.umd.min.js:0
[  333352ms] [LOG] wdpop: start @ https://www.coupang.com/dpop/iframe:13
[  333352ms] [LOG] wdpop: reschedule @ https://www.coupang.com/dpop/iframe:13
[  333352ms] [LOG] wdpop: inited @ https://www.coupang.com/dpop/iframe:13
[  333362ms] [ERROR] Permissions policy violation: accelerometer is not allowed in this document. @ https://www.coupang.com/9z021S/Ija/1F8/igM-hA/rYiwmf1VkuauDp9m/bGdLUXc/Q2/YjIR0GTUwB:0
[  333363ms] [WARNING] The deviceorientation events are blocked by permissions policy. See https://github.com/w3c/webappsec-permissions-policy/blob/master/features.md#sensor-features @ https://www.coupang.com/9z021S/Ija/1F8/igM-hA/rYiwmf1VkuauDp9m/bGdLUXc/Q2/YjIR0GTUwB:0
[  333363ms] [ERROR] Permissions policy violation: accelerometer is not allowed in this document. @ https://www.coupang.com/9z021S/Ija/1F8/igM-hA/rYiwmf1VkuauDp9m/bGdLUXc/Q2/YjIR0GTUwB:0
[  333363ms] [WARNING] The devicemotion events are blocked by permissions policy. See https://github.com/w3c/webappsec-permissions-policy/blob/master/features.md#sensor-features @ https://www.coupang.com/9z021S/Ija/1F8/igM-hA/rYiwmf1VkuauDp9m/bGdLUXc/Q2/YjIR0GTUwB:0
[  352564ms] [LOG] wdpop: generated key pair Fri Sep 11 2026 17:28:48 GMT+0900 (한국 표준시) @ https://www.coupang.com/dpop/iframe:13
[  352565ms] [LOG] wdpop: signed Fri Sep 11 2026 17:28:48 GMT+0900 (한국 표준시) @ https://www.coupang.com/dpop/iframe:13
[  356560ms] [LOG] undefined @ https://login.coupang.com/login/pincode/password?pincodeTicketString=SDliUzhQYmFPWUtIQ2ZReEgwVHpWbk5LWGdWdXpxWFQ4M0pvUTVYdXVtb0FVVy9NSko5TjNCdXJJU0RsdlBDZXNDUDFQZGpDc3hKdk1lNlBRVmg5eUpEREZibXBaR2xJTW00PQ&requestId=6411914773628404478955444727718624&pincodeVerificationType=PASSWORD&rtnUrl=https%3A%2F%2Fwww.coupang.com%2Fnp%2Fpost%2Flogin%3Fr%3Dhttp%253A%252F%252Fwww.coupang.com%252Fnp%252Fsearch%253Fcomponent%253D%2526q%253D%2525EA%2525B0%252584%2525ED%25258E%2525B8%252B%2525EC%252595%252584%2525EC%2525B9%2525A8%2525EC%25258B%25259D%2525EC%252582%2525AC%252B%2525EB%25258C%252580%2525EC%25259A%2525A9%2526traceId%253Dmtwow674%2526channel%253Duser&rememberMe=N&isApp=false&userAgentHeader=WCtKQjdNVFBkRGZ5bXNEbFg2Q090SXhiV0h0OHVkcnR6ei9lMG5XK0ZxSnhEZTRYS0JhcnJFKy8weWNOWHFGZ1l3T0E1QkR4YzRiMVgzc1VIcW9NWVppK0c1Z3hMYXJ5OWtGb1JwY0dyZGlmYWpmOWdyelFVcVlaMms1WkREbFVHLzRSNkhGeGt2MFc5STFUalQrRStiYmsvcUc1R3FkMVQrV1NvcGZUQ1Eyc1pkSHN1NjBLak5vQ2VwMD0&sourceType=password&isOtpLogin=true&loginMethod=PHONE_NUMBER_OTP:1221
[  365888ms] [LOG] wdpop: generated key pair Fri Sep 11 2026 17:29:01 GMT+0900 (한국 표준시) @ https://www.coupang.com/dpop/iframe:13
[  365890ms] [LOG] wdpop: signed Fri Sep 11 2026 17:29:01 GMT+0900 (한국 표준시) @ https://www.coupang.com/dpop/iframe:13
[  369865ms] [LOG] undefined @ https://login.coupang.com/login/pincode/password?pincodeTicketString=SDliUzhQYmFPWUtIQ2ZReEgwVHpWbk5LWGdWdXpxWFQ4M0pvUTVYdXVtb0FVVy9NSko5TjNCdXJJU0RsdlBDZXNDUDFQZGpDc3hKdk1lNlBRVmg5eUpEREZibXBaR2xJTW00PQ&requestId=6411914773628404478955444727718624&pincodeVerificationType=PASSWORD&rtnUrl=https%3A%2F%2Fwww.coupang.com%2Fnp%2Fpost%2Flogin%3Fr%3Dhttp%253A%252F%252Fwww.coupang.com%252Fnp%252Fsearch%253Fcomponent%253D%2526q%253D%2525EA%2525B0%252584%2525ED%25258E%2525B8%252B%2525EC%252595%252584%2525EC%2525B9%2525A8%2525EC%25258B%25259D%2525EC%252582%2525AC%252B%2525EB%25258C%252580%2525EC%25259A%2525A9%2526traceId%253Dmtwow674%2526channel%253Duser&rememberMe=N&isApp=false&userAgentHeader=WCtKQjdNVFBkRGZ5bXNEbFg2Q090SXhiV0h0OHVkcnR6ei9lMG5XK0ZxSnhEZTRYS0JhcnJFKy8weWNOWHFGZ1l3T0E1QkR4YzRiMVgzc1VIcW9NWVppK0c1Z3hMYXJ5OWtGb1JwY0dyZGlmYWpmOWdyelFVcVlaMms1WkREbFVHLzRSNkhGeGt2MFc5STFUalQrRStiYmsvcUc1R3FkMVQrV1NvcGZUQ1Eyc1pkSHN1NjBLak5vQ2VwMD0&sourceType=password&isOtpLogin=true&loginMethod=PHONE_NUMBER_OTP:1221
[  372433ms] [LOG] test web-vitals:  fcp --  {name: FCP, value: 288, rating: good, delta: 288, entries: Array(1)} @ https://assets.coupangcdn.com/customjs/coupang-web-log/3.4.1/web-log.umd.min.js:0
[  372687ms] [LOG] wdpop: start @ https://www.coupang.com/dpop/iframe:13
[  372688ms] [LOG] wdpop: reschedule @ https://www.coupang.com/dpop/iframe:13
[  372688ms] [LOG] wdpop: inited @ https://www.coupang.com/dpop/iframe:13
[  372863ms] [ERROR] Permissions policy violation: accelerometer is not allowed in this document. @ https://www.coupang.com/9z021S/Ija/1F8/igM-hA/rYiwmf1VkuauDp9m/bGdLUXc/Q2/YjIR0GTUwB:0
[  372863ms] [WARNING] The deviceorientation events are blocked by permissions policy. See https://github.com/w3c/webappsec-permissions-policy/blob/master/features.md#sensor-features @ https://www.coupang.com/9z021S/Ija/1F8/igM-hA/rYiwmf1VkuauDp9m/bGdLUXc/Q2/YjIR0GTUwB:0
[  372863ms] [ERROR] Permissions policy violation: accelerometer is not allowed in this document. @ https://www.coupang.com/9z021S/Ija/1F8/igM-hA/rYiwmf1VkuauDp9m/bGdLUXc/Q2/YjIR0GTUwB:0
[  372863ms] [WARNING] The devicemotion events are blocked by permissions policy. See https://github.com/w3c/webappsec-permissions-policy/blob/master/features.md#sensor-features @ https://www.coupang.com/9z021S/Ija/1F8/igM-hA/rYiwmf1VkuauDp9m/bGdLUXc/Q2/YjIR0GTUwB:0
[  373916ms] [WARNING] document.domain mutation is ignored because the surrounding agent cluster is origin-keyed. @ https://login.coupang.com/login/login.pang?rtnUrl=https%3A%2F%2Fwww.coupang.com%2Fnp%2Fpost%2Flogin%3Fr%3Dhttp%253A%252F%252Fwww.coupang.com%252Fnp%252Fsearch%253Fcomponent%253D%2526q%253D%2525EA%2525B0%252584%2525ED%25258E%2525B8%252B%2525EC%252595%252584%2525EC%2525B9%2525A8%2525EC%25258B%25259D%2525EC%252582%2525AC%252B%2525EB%25258C%252580%2525EC%25259A%2525A9%2526traceId%253Dmtwow674%2526channel%253Duser:128
[  373965ms] [LOG] mweb otp login v4: init @ https://login.coupang.com/resources/20260908200732/dist/login.min.js:1
[  374050ms] [LOG] test web-vitals:  fcp --  {name: FCP, value: 708, rating: good, delta: 708, entries: Array(1)} @ https://assets.coupangcdn.com/customjs/coupang-web-log/3.4.1/web-log.umd.min.js:0
[  374109ms] [VERBOSE] [DOM] Input elements should have autocomplete attributes (suggested: "current-password"): (More info: https://goo.gl/9p2vKq) %o @ https://login.coupang.com/login/login.pang?rtnUrl=https%3A%2F%2Fwww.coupang.com%2Fnp%2Fpost%2Flogin%3Fr%3Dhttp%253A%252F%252Fwww.coupang.com%252Fnp%252Fsearch%253Fcomponent%253D%2526q%253D%2525EA%2525B0%252584%2525ED%25258E%2525B8%252B%2525EC%252595%252584%2525EC%2525B9%2525A8%2525EC%25258B%25259D%2525EC%252582%2525AC%252B%2525EB%25258C%252580%2525EC%25259A%2525A9%2526traceId%253Dmtwow674%2526channel%253Duser:0
[  374199ms] [LOG] wdpop: start @ https://www.coupang.com/dpop/iframe:13
[  374200ms] [LOG] wdpop: reschedule @ https://www.coupang.com/dpop/iframe:13
[  374200ms] [LOG] wdpop: inited @ https://www.coupang.com/dpop/iframe:13
[  374268ms] [ERROR] Permissions policy violation: accelerometer is not allowed in this document. @ https://www.coupang.com/9z021S/Ija/1F8/igM-hA/rYiwmf1VkuauDp9m/bGdLUXc/Q2/YjIR0GTUwB:0
[  374268ms] [WARNING] The deviceorientation events are blocked by permissions policy. See https://github.com/w3c/webappsec-permissions-policy/blob/master/features.md#sensor-features @ https://www.coupang.com/9z021S/Ija/1F8/igM-hA/rYiwmf1VkuauDp9m/bGdLUXc/Q2/YjIR0GTUwB:0
[  374268ms] [ERROR] Permissions policy violation: accelerometer is not allowed in this document. @ https://www.coupang.com/9z021S/Ija/1F8/igM-hA/rYiwmf1VkuauDp9m/bGdLUXc/Q2/YjIR0GTUwB:0
[  374269ms] [WARNING] The devicemotion events are blocked by permissions policy. See https://github.com/w3c/webappsec-permissions-policy/blob/master/features.md#sensor-features @ https://www.coupang.com/9z021S/Ija/1F8/igM-hA/rYiwmf1VkuauDp9m/bGdLUXc/Q2/YjIR0GTUwB:0
[  378022ms] [WARNING] document.domain mutation is ignored because the surrounding agent cluster is origin-keyed. @ https://login.coupang.com/login/accountInfoFind.pang:1345
[  378391ms] [LOG] test web-vitals:  fcp --  {name: FCP, value: 564, rating: good, delta: 564, entries: Array(1)} @ https://assets.coupangcdn.com/customjs/coupang-web-log/3.4.1/web-log.umd.min.js:0
[  378615ms] [LOG] wdpop: start @ https://www.coupang.com/dpop/iframe:13
[  378616ms] [LOG] wdpop: reschedule @ https://www.coupang.com/dpop/iframe:13
[  378616ms] [LOG] wdpop: inited @ https://www.coupang.com/dpop/iframe:13
[  378734ms] [ERROR] Permissions policy violation: accelerometer is not allowed in this document. @ https://www.coupang.com/9z021S/Ija/1F8/igM-hA/rYiwmf1VkuauDp9m/bGdLUXc/Q2/YjIR0GTUwB:0
[  378735ms] [WARNING] The deviceorientation events are blocked by permissions policy. See https://github.com/w3c/webappsec-permissions-policy/blob/master/features.md#sensor-features @ https://www.coupang.com/9z021S/Ija/1F8/igM-hA/rYiwmf1VkuauDp9m/bGdLUXc/Q2/YjIR0GTUwB:0
[  378735ms] [ERROR] Permissions policy violation: accelerometer is not allowed in this document. @ https://www.coupang.com/9z021S/Ija/1F8/igM-hA/rYiwmf1VkuauDp9m/bGdLUXc/Q2/YjIR0GTUwB:0
[  378735ms] [WARNING] The devicemotion events are blocked by permissions policy. See https://github.com/w3c/webappsec-permissions-policy/blob/master/features.md#sensor-features @ https://www.coupang.com/9z021S/Ija/1F8/igM-hA/rYiwmf1VkuauDp9m/bGdLUXc/Q2/YjIR0GTUwB:0
[  460198ms] [WARNING] document.domain mutation is ignored because the surrounding agent cluster is origin-keyed. @ https://login.coupang.com/login/findPassword.pang?isApp=N:1345
[  460576ms] [LOG] test web-vitals:  fcp --  {name: FCP, value: 380, rating: good, delta: 380, entries: Array(1)} @ https://assets.coupangcdn.com/customjs/coupang-web-log/3.4.1/web-log.umd.min.js:0
[  460671ms] [VERBOSE] [DOM] Input elements should have autocomplete attributes (suggested: "new-password"): (More info: https://goo.gl/9p2vKq) %o @ https://login.coupang.com/login/findPassword.pang?isApp=N:0
[  460671ms] [VERBOSE] [DOM] Input elements should have autocomplete attributes (suggested: "new-password"): (More info: https://goo.gl/9p2vKq) %o @ https://login.coupang.com/login/findPassword.pang?isApp=N:0
[  460775ms] [LOG] wdpop: start @ https://www.coupang.com/dpop/iframe:13
[  460776ms] [LOG] wdpop: reschedule @ https://www.coupang.com/dpop/iframe:13
[  460776ms] [LOG] wdpop: inited @ https://www.coupang.com/dpop/iframe:13
[  460792ms] [ERROR] Permissions policy violation: accelerometer is not allowed in this document. @ https://www.coupang.com/9z021S/Ija/1F8/igM-hA/rYiwmf1VkuauDp9m/bGdLUXc/Q2/YjIR0GTUwB:0
[  460792ms] [WARNING] The deviceorientation events are blocked by permissions policy. See https://github.com/w3c/webappsec-permissions-policy/blob/master/features.md#sensor-features @ https://www.coupang.com/9z021S/Ija/1F8/igM-hA/rYiwmf1VkuauDp9m/bGdLUXc/Q2/YjIR0GTUwB:0
[  460792ms] [ERROR] Permissions policy violation: accelerometer is not allowed in this document. @ https://www.coupang.com/9z021S/Ija/1F8/igM-hA/rYiwmf1VkuauDp9m/bGdLUXc/Q2/YjIR0GTUwB:0
[  460792ms] [WARNING] The devicemotion events are blocked by permissions policy. See https://github.com/w3c/webappsec-permissions-policy/blob/master/features.md#sensor-features @ https://www.coupang.com/9z021S/Ija/1F8/igM-hA/rYiwmf1VkuauDp9m/bGdLUXc/Q2/YjIR0GTUwB:0
[  477861ms] [WARNING] document.domain mutation is ignored because the surrounding agent cluster is origin-keyed. @ https://login.coupang.com/login/accountInfoFind.pang:1345
[  477973ms] [LOG] test web-vitals:  fcp --  {name: FCP, value: 640, rating: good, delta: 640, entries: Array(1)} @ https://assets.coupangcdn.com/customjs/coupang-web-log/3.4.1/web-log.umd.min.js:0
[  478218ms] [LOG] wdpop: start @ https://www.coupang.com/dpop/iframe:13
[  478218ms] [LOG] wdpop: reschedule @ https://www.coupang.com/dpop/iframe:13
[  478219ms] [LOG] wdpop: inited @ https://www.coupang.com/dpop/iframe:13
[  478231ms] [ERROR] Permissions policy violation: accelerometer is not allowed in this document. @ https://www.coupang.com/9z021S/Ija/1F8/igM-hA/rYiwmf1VkuauDp9m/bGdLUXc/Q2/YjIR0GTUwB:0
[  478231ms] [WARNING] The deviceorientation events are blocked by permissions policy. See https://github.com/w3c/webappsec-permissions-policy/blob/master/features.md#sensor-features @ https://www.coupang.com/9z021S/Ija/1F8/igM-hA/rYiwmf1VkuauDp9m/bGdLUXc/Q2/YjIR0GTUwB:0
[  478231ms] [ERROR] Permissions policy violation: accelerometer is not allowed in this document. @ https://www.coupang.com/9z021S/Ija/1F8/igM-hA/rYiwmf1VkuauDp9m/bGdLUXc/Q2/YjIR0GTUwB:0
[  478231ms] [WARNING] The devicemotion events are blocked by permissions policy. See https://github.com/w3c/webappsec-permissions-policy/blob/master/features.md#sensor-features @ https://www.coupang.com/9z021S/Ija/1F8/igM-hA/rYiwmf1VkuauDp9m/bGdLUXc/Q2/YjIR0GTUwB:0
[  478972ms] [WARNING] document.domain mutation is ignored because the surrounding agent cluster is origin-keyed. @ https://login.coupang.com/login/login.pang?rtnUrl=https%3A%2F%2Fwww.coupang.com%2Fnp%2Fpost%2Flogin%3Fr%3Dhttp%253A%252F%252Fwww.coupang.com%252Fnp%252Fsearch%253Fcomponent%253D%2526q%253D%2525EA%2525B0%252584%2525ED%25258E%2525B8%252B%2525EC%252595%252584%2525EC%2525B9%2525A8%2525EC%25258B%25259D%2525EC%252582%2525AC%252B%2525EB%25258C%252580%2525EC%25259A%2525A9%2526traceId%253Dmtwow674%2526channel%253Duser:128
[  479004ms] [LOG] mweb otp login v4: init @ https://login.coupang.com/resources/20260908200732/dist/login.min.js:1
[  479077ms] [VERBOSE] [DOM] Input elements should have autocomplete attributes (suggested: "current-password"): (More info: https://goo.gl/9p2vKq) %o @ https://login.coupang.com/login/login.pang?rtnUrl=https%3A%2F%2Fwww.coupang.com%2Fnp%2Fpost%2Flogin%3Fr%3Dhttp%253A%252F%252Fwww.coupang.com%252Fnp%252Fsearch%253Fcomponent%253D%2526q%253D%2525EA%2525B0%252584%2525ED%25258E%2525B8%252B%2525EC%252595%252584%2525EC%2525B9%2525A8%2525EC%25258B%25259D%2525EC%252582%2525AC%252B%2525EB%25258C%252580%2525EC%25259A%2525A9%2526traceId%253Dmtwow674%2526channel%253Duser:0
[  479089ms] [LOG] test web-vitals:  fcp --  {name: FCP, value: 292, rating: good, delta: 292, entries: Array(1)} @ https://assets.coupangcdn.com/customjs/coupang-web-log/3.4.1/web-log.umd.min.js:0
[  479254ms] [LOG] wdpop: start @ https://www.coupang.com/dpop/iframe:13
[  479254ms] [LOG] wdpop: reschedule @ https://www.coupang.com/dpop/iframe:13
[  479255ms] [LOG] wdpop: inited @ https://www.coupang.com/dpop/iframe:13
[  479264ms] [ERROR] Permissions policy violation: accelerometer is not allowed in this document. @ https://www.coupang.com/9z021S/Ija/1F8/igM-hA/rYiwmf1VkuauDp9m/bGdLUXc/Q2/YjIR0GTUwB:0
[  479264ms] [WARNING] The deviceorientation events are blocked by permissions policy. See https://github.com/w3c/webappsec-permissions-policy/blob/master/features.md#sensor-features @ https://www.coupang.com/9z021S/Ija/1F8/igM-hA/rYiwmf1VkuauDp9m/bGdLUXc/Q2/YjIR0GTUwB:0
[  479264ms] [ERROR] Permissions policy violation: accelerometer is not allowed in this document. @ https://www.coupang.com/9z021S/Ija/1F8/igM-hA/rYiwmf1VkuauDp9m/bGdLUXc/Q2/YjIR0GTUwB:0
[  479264ms] [WARNING] The devicemotion events are blocked by permissions policy. See https://github.com/w3c/webappsec-permissions-policy/blob/master/features.md#sensor-features @ https://www.coupang.com/9z021S/Ija/1F8/igM-hA/rYiwmf1VkuauDp9m/bGdLUXc/Q2/YjIR0GTUwB:0
[  483299ms] [WARNING] document.domain mutation is ignored because the surrounding agent cluster is origin-keyed. @ https://login.coupang.com/login/memberJoinFrm.pang?rtnUrl=https%3A%2F%2Fwww.coupang.com%2Fnp%2Fpost%2Flogin%3Fr%3Dhttp%253A%252F%252Fwww.coupang.com%252Fnp%252Fsearch%253Fcomponent%253D%2526q%253D%2525EA%2525B0%252584%2525ED%25258E%2525B8%252B%2525EC%252595%252584%2525EC%2525B9%2525A8%2525EC%25258B%25259D%2525EC%252582%2525AC%252B%2525EB%25258C%252580%2525EC%25259A%2525A9%2526traceId%253Dmtwow674%2526channel%253Duser:1167
[  483363ms] [VERBOSE] [DOM] Password field is not contained in a form: (More info: https://goo.gl/9p2vKq) %o @ https://login.coupang.com/login/memberJoinFrm.pang?rtnUrl=https%3A%2F%2Fwww.coupang.com%2Fnp%2Fpost%2Flogin%3Fr%3Dhttp%253A%252F%252Fwww.coupang.com%252Fnp%252Fsearch%253Fcomponent%253D%2526q%253D%2525EA%2525B0%252584%2525ED%25258E%2525B8%252B%2525EC%252595%252584%2525EC%2525B9%2525A8%2525EC%25258B%25259D%2525EC%252582%2525AC%252B%2525EB%25258C%252580%2525EC%25259A%2525A9%2526traceId%253Dmtwow674%2526channel%253Duser:0
[  483363ms] [VERBOSE] [DOM] Password field is not contained in a form: (More info: https://goo.gl/9p2vKq) %o @ https://login.coupang.com/login/memberJoinFrm.pang?rtnUrl=https%3A%2F%2Fwww.coupang.com%2Fnp%2Fpost%2Flogin%3Fr%3Dhttp%253A%252F%252Fwww.coupang.com%252Fnp%252Fsearch%253Fcomponent%253D%2526q%253D%2525EA%2525B0%252584%2525ED%25258E%2525B8%252B%2525EC%252595%252584%2525EC%2525B9%2525A8%2525EC%25258B%25259D%2525EC%252582%2525AC%252B%2525EB%25258C%252580%2525EC%25259A%2525A9%2526traceId%253Dmtwow674%2526channel%253Duser:0
[  483436ms] [LOG] test web-vitals:  fcp --  {name: FCP, value: 276, rating: good, delta: 276, entries: Array(1)} @ https://assets.coupangcdn.com/customjs/coupang-web-log/3.4.1/web-log.umd.min.js:0
[  483563ms] [LOG] wdpop: start @ https://www.coupang.com/dpop/iframe:13
[  483563ms] [LOG] wdpop: reschedule @ https://www.coupang.com/dpop/iframe:13
[  483563ms] [LOG] wdpop: inited @ https://www.coupang.com/dpop/iframe:13
[  483574ms] [ERROR] Permissions policy violation: accelerometer is not allowed in this document. @ https://www.coupang.com/9z021S/Ija/1F8/igM-hA/rYiwmf1VkuauDp9m/bGdLUXc/Q2/YjIR0GTUwB:0
[  483575ms] [WARNING] The deviceorientation events are blocked by permissions policy. See https://github.com/w3c/webappsec-permissions-policy/blob/master/features.md#sensor-features @ https://www.coupang.com/9z021S/Ija/1F8/igM-hA/rYiwmf1VkuauDp9m/bGdLUXc/Q2/YjIR0GTUwB:0
[  483575ms] [ERROR] Permissions policy violation: accelerometer is not allowed in this document. @ https://www.coupang.com/9z021S/Ija/1F8/igM-hA/rYiwmf1VkuauDp9m/bGdLUXc/Q2/YjIR0GTUwB:0
[  483575ms] [WARNING] The devicemotion events are blocked by permissions policy. See https://github.com/w3c/webappsec-permissions-policy/blob/master/features.md#sensor-features @ https://www.coupang.com/9z021S/Ija/1F8/igM-hA/rYiwmf1VkuauDp9m/bGdLUXc/Q2/YjIR0GTUwB:0
[  578641ms] [WARNING] document.domain mutation is ignored because the surrounding agent cluster is origin-keyed. @ https://login.coupang.com/login/login.pang?login_challenge=4a37391a79954e728789ee09c06834a3&ignoreSignUpEntryType=Y:128
[  578726ms] [LOG] mweb otp login v4: init @ https://login.coupang.com/resources/20260908200732/dist/login.min.js:1
[  578820ms] [LOG] test web-vitals:  fcp --  {name: FCP, value: 436, rating: good, delta: 436, entries: Array(1)} @ https://assets.coupangcdn.com/customjs/coupang-web-log/3.4.1/web-log.umd.min.js:0
[  579508ms] [VERBOSE] [DOM] Input elements should have autocomplete attributes (suggested: "current-password"): (More info: https://goo.gl/9p2vKq) %o @ https://login.coupang.com/login/login.pang?login_challenge=4a37391a79954e728789ee09c06834a3&ignoreSignUpEntryType=Y:0
[  579708ms] [LOG] wdpop: start @ https://www.coupang.com/dpop/iframe:13
[  579708ms] [LOG] wdpop: reschedule @ https://www.coupang.com/dpop/iframe:13
[  579709ms] [LOG] wdpop: inited @ https://www.coupang.com/dpop/iframe:13
[  579718ms] [ERROR] Permissions policy violation: accelerometer is not allowed in this document. @ https://www.coupang.com/9z021S/Ija/1F8/igM-hA/rYiwmf1VkuauDp9m/bGdLUXc/Q2/YjIR0GTUwB:0
[  579718ms] [WARNING] The deviceorientation events are blocked by permissions policy. See https://github.com/w3c/webappsec-permissions-policy/blob/master/features.md#sensor-features @ https://www.coupang.com/9z021S/Ija/1F8/igM-hA/rYiwmf1VkuauDp9m/bGdLUXc/Q2/YjIR0GTUwB:0
[  579718ms] [ERROR] Permissions policy violation: accelerometer is not allowed in this document. @ https://www.coupang.com/9z021S/Ija/1F8/igM-hA/rYiwmf1VkuauDp9m/bGdLUXc/Q2/YjIR0GTUwB:0
[  579718ms] [WARNING] The devicemotion events are blocked by permissions policy. See https://github.com/w3c/webappsec-permissions-policy/blob/master/features.md#sensor-features @ https://www.coupang.com/9z021S/Ija/1F8/igM-hA/rYiwmf1VkuauDp9m/bGdLUXc/Q2/YjIR0GTUwB:0
[  608745ms] [WARNING] document.domain mutation is ignored because the surrounding agent cluster is origin-keyed. @ https://login.coupang.com/login/accountInfoFind.pang:1345
[  608829ms] [LOG] test web-vitals:  fcp --  {name: FCP, value: 352, rating: good, delta: 352, entries: Array(1)} @ https://assets.coupangcdn.com/customjs/coupang-web-log/3.4.1/web-log.umd.min.js:0
[  609054ms] [LOG] wdpop: start @ https://www.coupang.com/dpop/iframe:13
[  609054ms] [LOG] wdpop: reschedule @ https://www.coupang.com/dpop/iframe:13
[  609054ms] [LOG] wdpop: inited @ https://www.coupang.com/dpop/iframe:13
[  609064ms] [ERROR] Permissions policy violation: accelerometer is not allowed in this document. @ https://www.coupang.com/9z021S/Ija/1F8/igM-hA/rYiwmf1VkuauDp9m/bGdLUXc/Q2/YjIR0GTUwB:0
[  609065ms] [WARNING] The deviceorientation events are blocked by permissions policy. See https://github.com/w3c/webappsec-permissions-policy/blob/master/features.md#sensor-features @ https://www.coupang.com/9z021S/Ija/1F8/igM-hA/rYiwmf1VkuauDp9m/bGdLUXc/Q2/YjIR0GTUwB:0
[  609065ms] [ERROR] Permissions policy violation: accelerometer is not allowed in this document. @ https://www.coupang.com/9z021S/Ija/1F8/igM-hA/rYiwmf1VkuauDp9m/bGdLUXc/Q2/YjIR0GTUwB:0
[  609065ms] [WARNING] The devicemotion events are blocked by permissions policy. See https://github.com/w3c/webappsec-permissions-policy/blob/master/features.md#sensor-features @ https://www.coupang.com/9z021S/Ija/1F8/igM-hA/rYiwmf1VkuauDp9m/bGdLUXc/Q2/YjIR0GTUwB:0
[  611024ms] [WARNING] document.domain mutation is ignored because the surrounding agent cluster is origin-keyed. @ https://login.coupang.com/login/findPassword.pang?isApp=N:1345
[  611223ms] [VERBOSE] [DOM] Input elements should have autocomplete attributes (suggested: "new-password"): (More info: https://goo.gl/9p2vKq) %o @ https://login.coupang.com/login/findPassword.pang?isApp=N:0
[  611223ms] [VERBOSE] [DOM] Input elements should have autocomplete attributes (suggested: "new-password"): (More info: https://goo.gl/9p2vKq) %o @ https://login.coupang.com/login/findPassword.pang?isApp=N:0
[  611248ms] [LOG] test web-vitals:  fcp --  {name: FCP, value: 644, rating: good, delta: 644, entries: Array(1)} @ https://assets.coupangcdn.com/customjs/coupang-web-log/3.4.1/web-log.umd.min.js:0
[  611383ms] [LOG] wdpop: start @ https://www.coupang.com/dpop/iframe:13
[  611384ms] [LOG] wdpop: reschedule @ https://www.coupang.com/dpop/iframe:13
[  611384ms] [LOG] wdpop: inited @ https://www.coupang.com/dpop/iframe:13
[  611407ms] [ERROR] Permissions policy violation: accelerometer is not allowed in this document. @ https://www.coupang.com/9z021S/Ija/1F8/igM-hA/rYiwmf1VkuauDp9m/bGdLUXc/Q2/YjIR0GTUwB:0
[  611407ms] [WARNING] The deviceorientation events are blocked by permissions policy. See https://github.com/w3c/webappsec-permissions-policy/blob/master/features.md#sensor-features @ https://www.coupang.com/9z021S/Ija/1F8/igM-hA/rYiwmf1VkuauDp9m/bGdLUXc/Q2/YjIR0GTUwB:0
[  611408ms] [ERROR] Permissions policy violation: accelerometer is not allowed in this document. @ https://www.coupang.com/9z021S/Ija/1F8/igM-hA/rYiwmf1VkuauDp9m/bGdLUXc/Q2/YjIR0GTUwB:0
[  611408ms] [WARNING] The devicemotion events are blocked by permissions policy. See https://github.com/w3c/webappsec-permissions-policy/blob/master/features.md#sensor-features @ https://www.coupang.com/9z021S/Ija/1F8/igM-hA/rYiwmf1VkuauDp9m/bGdLUXc/Q2/YjIR0GTUwB:0
[  677955ms] [WARNING] document.domain mutation is ignored because the surrounding agent cluster is origin-keyed. @ https://login.coupang.com/login/login.pang?changePassword=Y:128
[  678000ms] [LOG] mweb otp login v4: init @ https://login.coupang.com/resources/20260908200732/dist/login.min.js:1
[  678049ms] [LOG] test web-vitals:  fcp --  {name: FCP, value: 284, rating: good, delta: 284, entries: Array(1)} @ https://assets.coupangcdn.com/customjs/coupang-web-log/3.4.1/web-log.umd.min.js:0
[  678448ms] [VERBOSE] [DOM] Input elements should have autocomplete attributes (suggested: "current-password"): (More info: https://goo.gl/9p2vKq) %o @ https://login.coupang.com/login/login.pang?changePassword=Y:0
[  678530ms] [LOG] wdpop: start @ https://www.coupang.com/dpop/iframe:13
[  678530ms] [LOG] wdpop: reschedule @ https://www.coupang.com/dpop/iframe:13
[  678530ms] [LOG] wdpop: inited @ https://www.coupang.com/dpop/iframe:13
[  678543ms] [ERROR] Permissions policy violation: accelerometer is not allowed in this document. @ https://www.coupang.com/9z021S/Ija/1F8/igM-hA/rYiwmf1VkuauDp9m/bGdLUXc/Q2/YjIR0GTUwB:0
[  678543ms] [WARNING] The deviceorientation events are blocked by permissions policy. See https://github.com/w3c/webappsec-permissions-policy/blob/master/features.md#sensor-features @ https://www.coupang.com/9z021S/Ija/1F8/igM-hA/rYiwmf1VkuauDp9m/bGdLUXc/Q2/YjIR0GTUwB:0
[  678543ms] [ERROR] Permissions policy violation: accelerometer is not allowed in this document. @ https://www.coupang.com/9z021S/Ija/1F8/igM-hA/rYiwmf1VkuauDp9m/bGdLUXc/Q2/YjIR0GTUwB:0
[  678543ms] [WARNING] The devicemotion events are blocked by permissions policy. See https://github.com/w3c/webappsec-permissions-policy/blob/master/features.md#sensor-features @ https://www.coupang.com/9z021S/Ija/1F8/igM-hA/rYiwmf1VkuauDp9m/bGdLUXc/Q2/YjIR0GTUwB:0
[  711872ms] [LOG] wdpop: generated key pair Fri Sep 11 2026 17:34:47 GMT+0900 (한국 표준시) @ https://www.coupang.com/dpop/iframe:13
[  711873ms] [LOG] wdpop: signed Fri Sep 11 2026 17:34:47 GMT+0900 (한국 표준시) @ https://www.coupang.com/dpop/iframe:13
[  712967ms] [LOG] test web-vitals:  fcp --  {name: FCP, value: 252, rating: good, delta: 252, entries: Array(1)} @ https://assets.coupangcdn.com/customjs/coupang-web-log/3.4.1/web-log.umd.min.js:0
[  713279ms] [LOG] wdpop: start @ https://www.coupang.com/dpop/iframe:13
[  713279ms] [LOG] wdpop: reschedule @ https://www.coupang.com/dpop/iframe:13
[  713279ms] [LOG] wdpop: inited @ https://www.coupang.com/dpop/iframe:13
[  713290ms] [ERROR] Permissions policy violation: accelerometer is not allowed in this document. @ https://www.coupang.com/9z021S/Ija/1F8/igM-hA/rYiwmf1VkuauDp9m/bGdLUXc/Q2/YjIR0GTUwB:0
[  713290ms] [WARNING] The deviceorientation events are blocked by permissions policy. See https://github.com/w3c/webappsec-permissions-policy/blob/master/features.md#sensor-features @ https://www.coupang.com/9z021S/Ija/1F8/igM-hA/rYiwmf1VkuauDp9m/bGdLUXc/Q2/YjIR0GTUwB:0
[  713290ms] [ERROR] Permissions policy violation: accelerometer is not allowed in this document. @ https://www.coupang.com/9z021S/Ija/1F8/igM-hA/rYiwmf1VkuauDp9m/bGdLUXc/Q2/YjIR0GTUwB:0
[  713290ms] [WARNING] The devicemotion events are blocked by permissions policy. See https://github.com/w3c/webappsec-permissions-policy/blob/master/features.md#sensor-features @ https://www.coupang.com/9z021S/Ija/1F8/igM-hA/rYiwmf1VkuauDp9m/bGdLUXc/Q2/YjIR0GTUwB:0
[  726587ms] [LOG] test web-vitals:  fcp --  {name: FCP, value: 324, rating: good, delta: 324, entries: Array(1)} @ https://assets.coupangcdn.com/customjs/coupang-web-log/3.4.1/web-log.umd.min.js:0
[  726694ms] [LOG] wdpop: start @ https://www.coupang.com/dpop/iframe:13
[  726694ms] [LOG] wdpop: reschedule @ https://www.coupang.com/dpop/iframe:13
[  726695ms] [LOG] wdpop: inited @ https://www.coupang.com/dpop/iframe:13
[  726705ms] [ERROR] Permissions policy violation: accelerometer is not allowed in this document. @ https://www.coupang.com/9z021S/Ija/1F8/igM-hA/rYiwmf1VkuauDp9m/bGdLUXc/Q2/YjIR0GTUwB:0
[  726705ms] [WARNING] The deviceorientation events are blocked by permissions policy. See https://github.com/w3c/webappsec-permissions-policy/blob/master/features.md#sensor-features @ https://www.coupang.com/9z021S/Ija/1F8/igM-hA/rYiwmf1VkuauDp9m/bGdLUXc/Q2/YjIR0GTUwB:0
[  726705ms] [ERROR] Permissions policy violation: accelerometer is not allowed in this document. @ https://www.coupang.com/9z021S/Ija/1F8/igM-hA/rYiwmf1VkuauDp9m/bGdLUXc/Q2/YjIR0GTUwB:0
[  726705ms] [WARNING] The devicemotion events are blocked by permissions policy. See https://github.com/w3c/webappsec-permissions-policy/blob/master/features.md#sensor-features @ https://www.coupang.com/9z021S/Ija/1F8/igM-hA/rYiwmf1VkuauDp9m/bGdLUXc/Q2/YjIR0GTUwB:0
[  738690ms] [LOG] wdpop: generated key pair Fri Sep 11 2026 17:35:14 GMT+0900 (한국 표준시) @ https://www.coupang.com/dpop/iframe:13
[  738691ms] [LOG] wdpop: signed Fri Sep 11 2026 17:35:14 GMT+0900 (한국 표준시) @ https://www.coupang.com/dpop/iframe:13
[  739473ms] [LOG] wdpop: start @ https://www.coupang.com/dpop/iframe:13
[  739473ms] [LOG] wdpop: reschedule @ https://www.coupang.com/dpop/iframe:13
[  740304ms] [LOG] [weblog] FCP {name: FCP, value: 768, rating: good, delta: 768, entries: Array(1)} @ https://assets.coupangcdn.com/front/front-web-next/_next/static/chunks/8895-021ce28c4554c35e.js:0
[  740305ms] [LOG] [weblog] LCP {name: LCP, value: 768, rating: good, delta: 768, entries: Array(1)} @ https://assets.coupangcdn.com/front/front-web-next/_next/static/chunks/8895-021ce28c4554c35e.js:0
[  740307ms] [LOG] [weblog] tti: 764, serverTime: 649, domReady: 764, imageLoadingTime: 0 @ https://assets.coupangcdn.com/front/front-web-next/_next/static/chunks/8895-021ce28c4554c35e.js:0
[  740314ms] [LOG] [weblog] LCP {name: LCP, value: 816, rating: good, delta: 48, entries: Array(1)} @ https://assets.coupangcdn.com/front/front-web-next/_next/static/chunks/8895-021ce28c4554c35e.js:0
[  740470ms] [LOG] wdpop: start @ https://www.coupang.com/dpop/iframe:13
[  740470ms] [LOG] wdpop: reschedule @ https://www.coupang.com/dpop/iframe:13
[  740470ms] [LOG] wdpop: inited @ https://www.coupang.com/dpop/iframe:13
