[     930ms] [LOG] [weblog] FCP {name: FCP, value: 768, rating: good, delta: 768, entries: Array(1)} @ https://assets.coupangcdn.com/front/front-web-next/_next/static/chunks/338-8e042cba220b04a9.js:3
[     932ms] [LOG] [weblog] LCP {name: LCP, value: 768, rating: good, delta: 768, entries: Array(1)} @ https://assets.coupangcdn.com/front/front-web-next/_next/static/chunks/338-8e042cba220b04a9.js:3
[    1898ms] [LOG] [weblog] tti: 848, serverTime: 589, domReady: 848, imageLoadingTime: 0 @ https://assets.coupangcdn.com/front/front-web-next/_next/static/chunks/338-8e042cba220b04a9.js:3
[    9265ms] [LOG] [weblog] INP {name: INP, value: 16, rating: good, delta: 16, entries: Array(1)} @ https://assets.coupangcdn.com/front/front-web-next/_next/static/chunks/338-8e042cba220b04a9.js:3
[    9555ms] [WARNING] document.domain mutation is ignored because the surrounding agent cluster is origin-keyed. @ https://login.coupang.com/login/login.pang?rtnUrl=https%3A%2F%2Fwww.coupang.com%2Fnp%2Fpost%2Flogin%3Fr%3Dhttp%253A%252F%252Fwww.coupang.com%252F:111
[    9702ms] [LOG] mweb otp login v4: init @ https://login.coupang.com/resources/20260827113533/dist/login.min.js:1
[    9892ms] [VERBOSE] [DOM] Input elements should have autocomplete attributes (suggested: "current-password"): (More info: https://goo.gl/9p2vKq) %o @ https://login.coupang.com/login/login.pang?rtnUrl=https%3A%2F%2Fwww.coupang.com%2Fnp%2Fpost%2Flogin%3Fr%3Dhttp%253A%252F%252Fwww.coupang.com%252F:0
[    9895ms] [LOG] test web-vitals:  fcp --  {name: FCP, value: 360, rating: good, delta: 360, entries: Array(1)} @ https://assets.coupangcdn.com/customjs/coupang-web-log/3.4.1/web-log.umd.min.js:0
[   10262ms] [LOG] wdpop: start @ https://www.coupang.com/dpop/iframe:13
[   10263ms] [LOG] wdpop: reschedule @ https://www.coupang.com/dpop/iframe:13
[   10264ms] [LOG] wdpop: inited @ https://www.coupang.com/dpop/iframe:13
[   10290ms] [ERROR] Permissions policy violation: accelerometer is not allowed in this document. @ https://www.coupang.com/Ylv_0b/zYiiY/vXqQR/z83m/7XQ7mfurwu3Qt8/fA4ZTQ50AwI/TgYy/KCFWdngB:0
[   10290ms] [WARNING] The deviceorientation events are blocked by permissions policy. See https://github.com/w3c/webappsec-permissions-policy/blob/master/features.md#sensor-features @ https://www.coupang.com/Ylv_0b/zYiiY/vXqQR/z83m/7XQ7mfurwu3Qt8/fA4ZTQ50AwI/TgYy/KCFWdngB:0
[   10290ms] [ERROR] Permissions policy violation: accelerometer is not allowed in this document. @ https://www.coupang.com/Ylv_0b/zYiiY/vXqQR/z83m/7XQ7mfurwu3Qt8/fA4ZTQ50AwI/TgYy/KCFWdngB:0
[   10291ms] [WARNING] The devicemotion events are blocked by permissions policy. See https://github.com/w3c/webappsec-permissions-policy/blob/master/features.md#sensor-features @ https://www.coupang.com/Ylv_0b/zYiiY/vXqQR/z83m/7XQ7mfurwu3Qt8/fA4ZTQ50AwI/TgYy/KCFWdngB:0
[   62538ms] [WARNING] document.domain mutation is ignored because the surrounding agent cluster is origin-keyed. @ https://login.coupang.com/login/otpLogin.pang:1155
[   62989ms] [LOG] test web-vitals:  fcp --  {name: FCP, value: 612, rating: good, delta: 612, entries: Array(1)} @ https://assets.coupangcdn.com/customjs/coupang-web-log/3.4.1/web-log.umd.min.js:0
[   63329ms] [LOG] wdpop: start @ https://www.coupang.com/dpop/iframe:13
[   63330ms] [LOG] wdpop: reschedule @ https://www.coupang.com/dpop/iframe:13
[   63330ms] [LOG] wdpop: inited @ https://www.coupang.com/dpop/iframe:13
[   63554ms] [ERROR] Permissions policy violation: accelerometer is not allowed in this document. @ https://www.coupang.com/Ylv_0b/zYiiY/vXqQR/z83m/7XQ7mfurwu3Qt8/fA4ZTQ50AwI/TgYy/KCFWdngB:0
[   63554ms] [WARNING] The deviceorientation events are blocked by permissions policy. See https://github.com/w3c/webappsec-permissions-policy/blob/master/features.md#sensor-features @ https://www.coupang.com/Ylv_0b/zYiiY/vXqQR/z83m/7XQ7mfurwu3Qt8/fA4ZTQ50AwI/TgYy/KCFWdngB:0
[   63555ms] [ERROR] Permissions policy violation: accelerometer is not allowed in this document. @ https://www.coupang.com/Ylv_0b/zYiiY/vXqQR/z83m/7XQ7mfurwu3Qt8/fA4ZTQ50AwI/TgYy/KCFWdngB:0
[   63555ms] [WARNING] The devicemotion events are blocked by permissions policy. See https://github.com/w3c/webappsec-permissions-policy/blob/master/features.md#sensor-features @ https://www.coupang.com/Ylv_0b/zYiiY/vXqQR/z83m/7XQ7mfurwu3Qt8/fA4ZTQ50AwI/TgYy/KCFWdngB:0
[   78668ms] [LOG] wdpop: generated key pair Sat Sep 05 2026 15:22:53 GMT+0900 (한국 표준시) @ https://www.coupang.com/dpop/iframe:13
[   78678ms] [LOG] wdpop: signed Sat Sep 05 2026 15:22:53 GMT+0900 (한국 표준시) @ https://www.coupang.com/dpop/iframe:13
[   79967ms] [LOG] test web-vitals:  fcp --  {name: FCP, value: 348, rating: good, delta: 348, entries: Array(1)} @ https://assets.coupangcdn.com/customjs/coupang-web-log/3.4.1/web-log.umd.min.js:0
[   80404ms] [LOG] wdpop: start @ https://www.coupang.com/dpop/iframe:13
[   80405ms] [LOG] wdpop: reschedule @ https://www.coupang.com/dpop/iframe:13
[   80405ms] [LOG] wdpop: inited @ https://www.coupang.com/dpop/iframe:13
[   80489ms] [ERROR] Permissions policy violation: accelerometer is not allowed in this document. @ https://www.coupang.com/Ylv_0b/zYiiY/vXqQR/z83m/7XQ7mfurwu3Qt8/fA4ZTQ50AwI/TgYy/KCFWdngB:0
[   80489ms] [WARNING] The deviceorientation events are blocked by permissions policy. See https://github.com/w3c/webappsec-permissions-policy/blob/master/features.md#sensor-features @ https://www.coupang.com/Ylv_0b/zYiiY/vXqQR/z83m/7XQ7mfurwu3Qt8/fA4ZTQ50AwI/TgYy/KCFWdngB:0
[   80490ms] [ERROR] Permissions policy violation: accelerometer is not allowed in this document. @ https://www.coupang.com/Ylv_0b/zYiiY/vXqQR/z83m/7XQ7mfurwu3Qt8/fA4ZTQ50AwI/TgYy/KCFWdngB:0
[   80490ms] [WARNING] The devicemotion events are blocked by permissions policy. See https://github.com/w3c/webappsec-permissions-policy/blob/master/features.md#sensor-features @ https://www.coupang.com/Ylv_0b/zYiiY/vXqQR/z83m/7XQ7mfurwu3Qt8/fA4ZTQ50AwI/TgYy/KCFWdngB:0
[   86433ms] [VERBOSE] [DOM] Input elements should have autocomplete attributes (suggested: "current-password"): (More info: https://goo.gl/9p2vKq) %o @ https://login.coupang.com/login/pincode/password?pincodeTicketString=eW50VmpMRFpFNTZSN3lPU3lvcTJCb250bnhsV2JMays4QU5sOEd6SDdZd3FFNzlXM01yUmhRRElKc3ROQWNJZTBybXQyQlErUytkbjkzaFRYMVN1OGt3RE82VVAzdzFDUlUwPQ&requestId=64119147736284087553539410427655&pincodeVerificationType=PASSWORD&rtnUrl=https%3A%2F%2Fwww.coupang.com%2Fnp%2Fpost%2Flogin%3Fr%3Dhttp%253A%252F%252Fwww.coupang.com%252F&rememberMe=true&isApp=false&userAgentHeader=cUhLSW11anNPdElKNjdya3FDanQzQ3dHSDVyNnczanRFUFRNamNQdEk2dTA2Z0hka3N2Q1dyTnN6M1BVNmxNYTM5akx5VWNZT0taV29UL2tIdUs4aXJQRHJsZE81K3I0bHRZMW9xR2xNelltWmVNWFIwaHN2dmV4VjgvNEtucER2TzBRTUhmNS91YWpJSTFWRWdud1B6ay9ERURhVFlEbEg3VjZnWXo1SWlZOXJWNjB2UEk1cFB1ekxBaz0&sourceType=password&isOtpLogin=true&loginMethod=PHONE_NUMBER_OTP:0
[   86487ms] [LOG] test web-vitals:  fcp --  {name: FCP, value: 548, rating: good, delta: 548, entries: Array(1)} @ https://assets.coupangcdn.com/customjs/coupang-web-log/3.4.1/web-log.umd.min.js:0
[   86821ms] [LOG] wdpop: start @ https://www.coupang.com/dpop/iframe:13
[   86821ms] [LOG] wdpop: reschedule @ https://www.coupang.com/dpop/iframe:13
[   86821ms] [LOG] wdpop: inited @ https://www.coupang.com/dpop/iframe:13
[   86850ms] [ERROR] Permissions policy violation: accelerometer is not allowed in this document. @ https://www.coupang.com/Ylv_0b/zYiiY/vXqQR/z83m/7XQ7mfurwu3Qt8/fA4ZTQ50AwI/TgYy/KCFWdngB:0
[   86851ms] [WARNING] The deviceorientation events are blocked by permissions policy. See https://github.com/w3c/webappsec-permissions-policy/blob/master/features.md#sensor-features @ https://www.coupang.com/Ylv_0b/zYiiY/vXqQR/z83m/7XQ7mfurwu3Qt8/fA4ZTQ50AwI/TgYy/KCFWdngB:0
[   86851ms] [ERROR] Permissions policy violation: accelerometer is not allowed in this document. @ https://www.coupang.com/Ylv_0b/zYiiY/vXqQR/z83m/7XQ7mfurwu3Qt8/fA4ZTQ50AwI/TgYy/KCFWdngB:0
[   86851ms] [WARNING] The devicemotion events are blocked by permissions policy. See https://github.com/w3c/webappsec-permissions-policy/blob/master/features.md#sensor-features @ https://www.coupang.com/Ylv_0b/zYiiY/vXqQR/z83m/7XQ7mfurwu3Qt8/fA4ZTQ50AwI/TgYy/KCFWdngB:0
[  102763ms] [LOG] wdpop: generated key pair Sat Sep 05 2026 15:23:17 GMT+0900 (한국 표준시) @ https://www.coupang.com/dpop/iframe:13
[  102766ms] [LOG] wdpop: signed Sat Sep 05 2026 15:23:17 GMT+0900 (한국 표준시) @ https://www.coupang.com/dpop/iframe:13
[  106735ms] [LOG] undefined @ https://login.coupang.com/login/pincode/password?pincodeTicketString=eW50VmpMRFpFNTZSN3lPU3lvcTJCb250bnhsV2JMays4QU5sOEd6SDdZd3FFNzlXM01yUmhRRElKc3ROQWNJZTBybXQyQlErUytkbjkzaFRYMVN1OGt3RE82VVAzdzFDUlUwPQ&requestId=64119147736284087553539410427655&pincodeVerificationType=PASSWORD&rtnUrl=https%3A%2F%2Fwww.coupang.com%2Fnp%2Fpost%2Flogin%3Fr%3Dhttp%253A%252F%252Fwww.coupang.com%252F&rememberMe=true&isApp=false&userAgentHeader=cUhLSW11anNPdElKNjdya3FDanQzQ3dHSDVyNnczanRFUFRNamNQdEk2dTA2Z0hka3N2Q1dyTnN6M1BVNmxNYTM5akx5VWNZT0taV29UL2tIdUs4aXJQRHJsZE81K3I0bHRZMW9xR2xNelltWmVNWFIwaHN2dmV4VjgvNEtucER2TzBRTUhmNS91YWpJSTFWRWdud1B6ay9ERURhVFlEbEg3VjZnWXo1SWlZOXJWNjB2UEk1cFB1ekxBaz0&sourceType=password&isOtpLogin=true&loginMethod=PHONE_NUMBER_OTP:1088
[  122963ms] [LOG] wdpop: generated key pair Sat Sep 05 2026 15:23:37 GMT+0900 (한국 표준시) @ https://www.coupang.com/dpop/iframe:13
[  122965ms] [LOG] wdpop: signed Sat Sep 05 2026 15:23:37 GMT+0900 (한국 표준시) @ https://www.coupang.com/dpop/iframe:13
[  126915ms] [LOG] undefined @ https://login.coupang.com/login/pincode/password?pincodeTicketString=eW50VmpMRFpFNTZSN3lPU3lvcTJCb250bnhsV2JMays4QU5sOEd6SDdZd3FFNzlXM01yUmhRRElKc3ROQWNJZTBybXQyQlErUytkbjkzaFRYMVN1OGt3RE82VVAzdzFDUlUwPQ&requestId=64119147736284087553539410427655&pincodeVerificationType=PASSWORD&rtnUrl=https%3A%2F%2Fwww.coupang.com%2Fnp%2Fpost%2Flogin%3Fr%3Dhttp%253A%252F%252Fwww.coupang.com%252F&rememberMe=true&isApp=false&userAgentHeader=cUhLSW11anNPdElKNjdya3FDanQzQ3dHSDVyNnczanRFUFRNamNQdEk2dTA2Z0hka3N2Q1dyTnN6M1BVNmxNYTM5akx5VWNZT0taV29UL2tIdUs4aXJQRHJsZE81K3I0bHRZMW9xR2xNelltWmVNWFIwaHN2dmV4VjgvNEtucER2TzBRTUhmNS91YWpJSTFWRWdud1B6ay9ERURhVFlEbEg3VjZnWXo1SWlZOXJWNjB2UEk1cFB1ekxBaz0&sourceType=password&isOtpLogin=true&loginMethod=PHONE_NUMBER_OTP:1088
[  134173ms] [LOG] wdpop: generated key pair Sat Sep 05 2026 15:23:48 GMT+0900 (한국 표준시) @ https://www.coupang.com/dpop/iframe:13
[  134175ms] [LOG] wdpop: signed Sat Sep 05 2026 15:23:48 GMT+0900 (한국 표준시) @ https://www.coupang.com/dpop/iframe:13
[  135889ms] [LOG] wdpop: generated key pair Sat Sep 05 2026 15:23:50 GMT+0900 (한국 표준시) @ https://www.coupang.com/dpop/iframe:13
[  135892ms] [LOG] wdpop: signed Sat Sep 05 2026 15:23:50 GMT+0900 (한국 표준시) @ https://www.coupang.com/dpop/iframe:13
[  138132ms] [LOG] undefined @ https://login.coupang.com/login/pincode/password?pincodeTicketString=eW50VmpMRFpFNTZSN3lPU3lvcTJCb250bnhsV2JMays4QU5sOEd6SDdZd3FFNzlXM01yUmhRRElKc3ROQWNJZTBybXQyQlErUytkbjkzaFRYMVN1OGt3RE82VVAzdzFDUlUwPQ&requestId=64119147736284087553539410427655&pincodeVerificationType=PASSWORD&rtnUrl=https%3A%2F%2Fwww.coupang.com%2Fnp%2Fpost%2Flogin%3Fr%3Dhttp%253A%252F%252Fwww.coupang.com%252F&rememberMe=true&isApp=false&userAgentHeader=cUhLSW11anNPdElKNjdya3FDanQzQ3dHSDVyNnczanRFUFRNamNQdEk2dTA2Z0hka3N2Q1dyTnN6M1BVNmxNYTM5akx5VWNZT0taV29UL2tIdUs4aXJQRHJsZE81K3I0bHRZMW9xR2xNelltWmVNWFIwaHN2dmV4VjgvNEtucER2TzBRTUhmNS91YWpJSTFWRWdud1B6ay9ERURhVFlEbEg3VjZnWXo1SWlZOXJWNjB2UEk1cFB1ekxBaz0&sourceType=password&isOtpLogin=true&loginMethod=PHONE_NUMBER_OTP:1088
[  139886ms] [LOG] undefined @ https://login.coupang.com/login/pincode/password?pincodeTicketString=eW50VmpMRFpFNTZSN3lPU3lvcTJCb250bnhsV2JMays4QU5sOEd6SDdZd3FFNzlXM01yUmhRRElKc3ROQWNJZTBybXQyQlErUytkbjkzaFRYMVN1OGt3RE82VVAzdzFDUlUwPQ&requestId=64119147736284087553539410427655&pincodeVerificationType=PASSWORD&rtnUrl=https%3A%2F%2Fwww.coupang.com%2Fnp%2Fpost%2Flogin%3Fr%3Dhttp%253A%252F%252Fwww.coupang.com%252F&rememberMe=true&isApp=false&userAgentHeader=cUhLSW11anNPdElKNjdya3FDanQzQ3dHSDVyNnczanRFUFRNamNQdEk2dTA2Z0hka3N2Q1dyTnN6M1BVNmxNYTM5akx5VWNZT0taV29UL2tIdUs4aXJQRHJsZE81K3I0bHRZMW9xR2xNelltWmVNWFIwaHN2dmV4VjgvNEtucER2TzBRTUhmNS91YWpJSTFWRWdud1B6ay9ERURhVFlEbEg3VjZnWXo1SWlZOXJWNjB2UEk1cFB1ekxBaz0&sourceType=password&isOtpLogin=true&loginMethod=PHONE_NUMBER_OTP:1088
[  147996ms] [LOG] wdpop: generated key pair Sat Sep 05 2026 15:24:02 GMT+0900 (한국 표준시) @ https://www.coupang.com/dpop/iframe:13
[  147998ms] [LOG] wdpop: signed Sat Sep 05 2026 15:24:02 GMT+0900 (한국 표준시) @ https://www.coupang.com/dpop/iframe:13
[  150119ms] [LOG] wdpop: generated key pair Sat Sep 05 2026 15:24:04 GMT+0900 (한국 표준시) @ https://www.coupang.com/dpop/iframe:13
[  150120ms] [LOG] wdpop: signed Sat Sep 05 2026 15:24:04 GMT+0900 (한국 표준시) @ https://www.coupang.com/dpop/iframe:13
[  151985ms] [LOG] undefined @ https://login.coupang.com/login/pincode/password?pincodeTicketString=eW50VmpMRFpFNTZSN3lPU3lvcTJCb250bnhsV2JMays4QU5sOEd6SDdZd3FFNzlXM01yUmhRRElKc3ROQWNJZTBybXQyQlErUytkbjkzaFRYMVN1OGt3RE82VVAzdzFDUlUwPQ&requestId=64119147736284087553539410427655&pincodeVerificationType=PASSWORD&rtnUrl=https%3A%2F%2Fwww.coupang.com%2Fnp%2Fpost%2Flogin%3Fr%3Dhttp%253A%252F%252Fwww.coupang.com%252F&rememberMe=true&isApp=false&userAgentHeader=cUhLSW11anNPdElKNjdya3FDanQzQ3dHSDVyNnczanRFUFRNamNQdEk2dTA2Z0hka3N2Q1dyTnN6M1BVNmxNYTM5akx5VWNZT0taV29UL2tIdUs4aXJQRHJsZE81K3I0bHRZMW9xR2xNelltWmVNWFIwaHN2dmV4VjgvNEtucER2TzBRTUhmNS91YWpJSTFWRWdud1B6ay9ERURhVFlEbEg3VjZnWXo1SWlZOXJWNjB2UEk1cFB1ekxBaz0&sourceType=password&isOtpLogin=true&loginMethod=PHONE_NUMBER_OTP:1088
[  154090ms] [LOG] undefined @ https://login.coupang.com/login/pincode/password?pincodeTicketString=eW50VmpMRFpFNTZSN3lPU3lvcTJCb250bnhsV2JMays4QU5sOEd6SDdZd3FFNzlXM01yUmhRRElKc3ROQWNJZTBybXQyQlErUytkbjkzaFRYMVN1OGt3RE82VVAzdzFDUlUwPQ&requestId=64119147736284087553539410427655&pincodeVerificationType=PASSWORD&rtnUrl=https%3A%2F%2Fwww.coupang.com%2Fnp%2Fpost%2Flogin%3Fr%3Dhttp%253A%252F%252Fwww.coupang.com%252F&rememberMe=true&isApp=false&userAgentHeader=cUhLSW11anNPdElKNjdya3FDanQzQ3dHSDVyNnczanRFUFRNamNQdEk2dTA2Z0hka3N2Q1dyTnN6M1BVNmxNYTM5akx5VWNZT0taV29UL2tIdUs4aXJQRHJsZE81K3I0bHRZMW9xR2xNelltWmVNWFIwaHN2dmV4VjgvNEtucER2TzBRTUhmNS91YWpJSTFWRWdud1B6ay9ERURhVFlEbEg3VjZnWXo1SWlZOXJWNjB2UEk1cFB1ekxBaz0&sourceType=password&isOtpLogin=true&loginMethod=PHONE_NUMBER_OTP:1088
[  177672ms] [LOG] wdpop: generated key pair Sat Sep 05 2026 15:24:32 GMT+0900 (한국 표준시) @ https://www.coupang.com/dpop/iframe:13
[  177675ms] [LOG] wdpop: signed Sat Sep 05 2026 15:24:32 GMT+0900 (한국 표준시) @ https://www.coupang.com/dpop/iframe:13
[  180534ms] [LOG] wdpop: generated key pair Sat Sep 05 2026 15:24:35 GMT+0900 (한국 표준시) @ https://www.coupang.com/dpop/iframe:13
[  180536ms] [LOG] wdpop: signed Sat Sep 05 2026 15:24:35 GMT+0900 (한국 표준시) @ https://www.coupang.com/dpop/iframe:13
[  181655ms] [LOG] undefined @ https://login.coupang.com/login/pincode/password?pincodeTicketString=eW50VmpMRFpFNTZSN3lPU3lvcTJCb250bnhsV2JMays4QU5sOEd6SDdZd3FFNzlXM01yUmhRRElKc3ROQWNJZTBybXQyQlErUytkbjkzaFRYMVN1OGt3RE82VVAzdzFDUlUwPQ&requestId=64119147736284087553539410427655&pincodeVerificationType=PASSWORD&rtnUrl=https%3A%2F%2Fwww.coupang.com%2Fnp%2Fpost%2Flogin%3Fr%3Dhttp%253A%252F%252Fwww.coupang.com%252F&rememberMe=true&isApp=false&userAgentHeader=cUhLSW11anNPdElKNjdya3FDanQzQ3dHSDVyNnczanRFUFRNamNQdEk2dTA2Z0hka3N2Q1dyTnN6M1BVNmxNYTM5akx5VWNZT0taV29UL2tIdUs4aXJQRHJsZE81K3I0bHRZMW9xR2xNelltWmVNWFIwaHN2dmV4VjgvNEtucER2TzBRTUhmNS91YWpJSTFWRWdud1B6ay9ERURhVFlEbEg3VjZnWXo1SWlZOXJWNjB2UEk1cFB1ekxBaz0&sourceType=password&isOtpLogin=true&loginMethod=PHONE_NUMBER_OTP:1088
